Archive member included to satisfy reference by file (symbol)

C:/Users/wangz/Documents/GitHub/DMW1001_firmware/DWM1001_on_board_package_R2.0/dwm/examples/dwm-accelerometer-enabled/../../lib/libdwm.a(ble-server.o)
                              C:/Users/wangz/Documents/GitHub/DMW1001_firmware/DWM1001_on_board_package_R2.0/dwm/examples/dwm-accelerometer-enabled/../../lib/dwm.o (ble_add_shell_cmds)
C:/Users/wangz/Documents/GitHub/DMW1001_firmware/DWM1001_on_board_package_R2.0/dwm/examples/dwm-accelerometer-enabled/../../lib/libdwm.a(ble_srv_common.o)
                              C:/Users/wangz/Documents/GitHub/DMW1001_firmware/DWM1001_on_board_package_R2.0/dwm/examples/dwm-accelerometer-enabled/../../lib/libdwm.a(ble-server.o) (ble_srv_is_notification_enabled)
C:/Users/wangz/Documents/GitHub/DMW1001_firmware/DWM1001_on_board_package_R2.0/dwm/examples/dwm-accelerometer-enabled/../../lib/libdwm.a(dw1000.o)
                              C:/Users/wangz/Documents/GitHub/DMW1001_firmware/DWM1001_on_board_package_R2.0/dwm/examples/dwm-accelerometer-enabled/../../lib/libdwm.a(ble-server.o) (dw_rand)
C:/Users/wangz/Documents/GitHub/DMW1001_firmware/DWM1001_on_board_package_R2.0/dwm/examples/dwm-accelerometer-enabled/../../lib/libdwm.a(dwm-math.o)
                              C:/Users/wangz/Documents/GitHub/DMW1001_firmware/DWM1001_on_board_package_R2.0/dwm/examples/dwm-accelerometer-enabled/../../lib/libdwm.a(dw1000.o) (flog10)
C:/Users/wangz/Documents/GitHub/DMW1001_firmware/DWM1001_on_board_package_R2.0/dwm/examples/dwm-accelerometer-enabled/../../lib/libdwm.a(dwm.o)
                              C:/Users/wangz/Documents/GitHub/DMW1001_firmware/DWM1001_on_board_package_R2.0/dwm/examples/dwm-accelerometer-enabled/output/compiler/dwm-accelerometer-enabled.o (dwm_systime_us_get)
C:/Users/wangz/Documents/GitHub/DMW1001_firmware/DWM1001_on_board_package_R2.0/dwm/examples/dwm-accelerometer-enabled/../../lib/libdwm.a(env-tlv.o)
                              C:/Users/wangz/Documents/GitHub/DMW1001_firmware/DWM1001_on_board_package_R2.0/dwm/examples/dwm-accelerometer-enabled/../../lib/dwm.o (env_load)
C:/Users/wangz/Documents/GitHub/DMW1001_firmware/DWM1001_on_board_package_R2.0/dwm/examples/dwm-accelerometer-enabled/../../lib/libdwm.a(fwup.o)
                              C:/Users/wangz/Documents/GitHub/DMW1001_firmware/DWM1001_on_board_package_R2.0/dwm/examples/dwm-accelerometer-enabled/../../lib/libdwm.a(ble-server.o) (fwup_rcvr_in_progress)
C:/Users/wangz/Documents/GitHub/DMW1001_firmware/DWM1001_on_board_package_R2.0/dwm/examples/dwm-accelerometer-enabled/../../lib/libdwm.a(hal.o)
                              C:/Users/wangz/Documents/GitHub/DMW1001_firmware/DWM1001_on_board_package_R2.0/dwm/examples/dwm-accelerometer-enabled/../../lib/libdwm.a(dwm.o) (hal_factory_reset)
C:/Users/wangz/Documents/GitHub/DMW1001_firmware/DWM1001_on_board_package_R2.0/dwm/examples/dwm-accelerometer-enabled/../../lib/libdwm.a(nrf_drv_rng.o)
                              C:/Users/wangz/Documents/GitHub/DMW1001_firmware/DWM1001_on_board_package_R2.0/dwm/examples/dwm-accelerometer-enabled/../../lib/libdwm.a(hal.o) (nrf_drv_rng_init)
C:/Users/wangz/Documents/GitHub/DMW1001_firmware/DWM1001_on_board_package_R2.0/dwm/examples/dwm-accelerometer-enabled/../../lib/libdwm.a(pm.o)
                              C:/Users/wangz/Documents/GitHub/DMW1001_firmware/DWM1001_on_board_package_R2.0/dwm/examples/dwm-accelerometer-enabled/../../lib/libdwm.a(ble-server.o) (pm_sched_signal)
C:/Users/wangz/Documents/GitHub/DMW1001_firmware/DWM1001_on_board_package_R2.0/dwm/examples/dwm-accelerometer-enabled/../../lib/libdwm.a(process-api.o)
                              C:/Users/wangz/Documents/GitHub/DMW1001_firmware/DWM1001_on_board_package_R2.0/dwm/examples/dwm-accelerometer-enabled/../../lib/dwm.o (api_thread_start)
C:/Users/wangz/Documents/GitHub/DMW1001_firmware/DWM1001_on_board_package_R2.0/dwm/examples/dwm-accelerometer-enabled/../../lib/libdwm.a(process-ble.o)
                              C:/Users/wangz/Documents/GitHub/DMW1001_firmware/DWM1001_on_board_package_R2.0/dwm/examples/dwm-accelerometer-enabled/../../lib/libdwm.a(ble-server.o) (ble_server_evt_put)
C:/Users/wangz/Documents/GitHub/DMW1001_firmware/DWM1001_on_board_package_R2.0/dwm/examples/dwm-accelerometer-enabled/../../lib/libdwm.a(process-le.o)
                              C:/Users/wangz/Documents/GitHub/DMW1001_firmware/DWM1001_on_board_package_R2.0/dwm/examples/dwm-accelerometer-enabled/../../lib/dwm.o (le_init)
C:/Users/wangz/Documents/GitHub/DMW1001_firmware/DWM1001_on_board_package_R2.0/dwm/examples/dwm-accelerometer-enabled/../../lib/libdwm.a(process-pm.o)
                              C:/Users/wangz/Documents/GitHub/DMW1001_firmware/DWM1001_on_board_package_R2.0/dwm/examples/dwm-accelerometer-enabled/../../lib/dwm.o (hal_pm_init)
C:/Users/wangz/Documents/GitHub/DMW1001_firmware/DWM1001_on_board_package_R2.0/dwm/examples/dwm-accelerometer-enabled/../../lib/libdwm.a(process-svc.o)
[...]
Memory Configuration

Name             Origin             Length             Attributes
sram             0x200035e0         0x0000ba20
flash            0x00044000         0x0003c000
*default*        0x00000000         0xffffffff

Linker script and memory map

LOAD C:/Users/wangz/Documents/GitHub/DMW1001_firmware/DWM1001_on_board_package_R2.0/dwm/examples/dwm-accelerometer-enabled/../../lib\vectors.o
LOAD C:/Users/wangz/Documents/GitHub/DMW1001_firmware/DWM1001_on_board_package_R2.0/dwm/examples/dwm-accelerometer-enabled/output/compiler/dwm-accelerometer-enabled.o
LOAD C:/Users/wangz/Documents/GitHub/DMW1001_firmware/DWM1001_on_board_package_R2.0/dwm/examples/dwm-accelerometer-enabled/../../lib/dwm.o
LOAD C:/Users/wangz/Documents/GitHub/DMW1001_firmware/DWM1001_on_board_package_R2.0/dwm/examples/dwm-accelerometer-enabled/../../lib/libdwm.a
LOAD c:/program files (x86)/gnu tools arm embedded/5.4 2016q3/bin/../lib/gcc/arm-none-eabi/5.4.1/../../../../arm-none-eabi/lib/armv7e-m/fpu\libm.a
LOAD c:/program files (x86)/gnu tools arm embedded/5.4 2016q3/bin/../lib/gcc/arm-none-eabi/5.4.1/armv7e-m/fpu\libgcc.a
LOAD c:/program files (x86)/gnu tools arm embedded/5.4 2016q3/bin/../lib/gcc/arm-none-eabi/5.4.1/../../../../arm-none-eabi/lib/armv7e-m/fpu\libc.a
LOAD c:/program files (x86)/gnu tools arm embedded/5.4 2016q3/bin/../lib/gcc/arm-none-eabi/5.4.1/../../../../arm-none-eabi/lib/armv7e-m/fpu\libnosys.a
LOAD C:/Users/wangz/Documents/GitHub/DMW1001_firmware/DWM1001_on_board_package_R2.0/dwm/examples/dwm-accelerometer-enabled/../../lib\extras.o
START GROUP
LOAD C:/Users/wangz/Documents/GitHub/DMW1001_firmware/DWM1001_on_board_package_R2.0/dwm/examples/dwm-accelerometer-enabled/../../lib\libtarget.a
LOAD c:/program files (x86)/gnu tools arm embedded/5.4 2016q3/bin/../lib/gcc/arm-none-eabi/5.4.1/armv7e-m/fpu\libgcc.a
LOAD c:/program files (x86)/gnu tools arm embedded/5.4 2016q3/bin/../lib/gcc/arm-none-eabi/5.4.1/../../../../arm-none-eabi/lib/armv7e-m/fpu\libsupc++.a
END GROUP

.debug_aranges  0x00000000       0x30
 *(.debug_aranges)
 .debug_aranges
                0x00000000       0x30 C:/Users/wangz/Documents/GitHub/DMW1001_firmware/DWM1001_on_board_package_R2.0/dwm/examples/dwm-accelerometer-enabled/output/compiler/dwm-accelerometer-enabled.o

.debug_pubnames
 *(.debug_pubnames)

.debug_info     0x00000000      0x6ad
 *(.debug_info)
 .debug_info    0x00000000      0x6ad C:/Users/wangz/Documents/GitHub/DMW1001_firmware/DWM1001_on_board_package_R2.0/dwm/examples/dwm-accelerometer-enabled/output/compiler/dwm-accelerometer-enabled.o

.debug_abbrev   0x00000000      0x188
 *(.debug_abbrev)
 .debug_abbrev  0x00000000      0x188 C:/Users/wangz/Documents/GitHub/DMW1001_firmware/DWM1001_on_board_package_R2.0/dwm/examples/dwm-accelerometer-enabled/output/compiler/dwm-accelerometer-enabled.o

.debug_line     0x00000000      0x228
 *(.debug_line)
 .debug_line    0x00000000      0x228 C:/Users/wangz/Documents/GitHub/DMW1001_firmware/DWM1001_on_board_package_R2.0/dwm/examples/dwm-accelerometer-enabled/output/compiler/dwm-accelerometer-enabled.o

.debug_frame    0x00000000     0x17ec
 *(.debug_frame)
 .debug_frame   0x00000000       0x7c C:/Users/wangz/Documents/GitHub/DMW1001_firmware/DWM1001_on_board_package_R2.0/dwm/examples/dwm-accelerometer-enabled/output/compiler/dwm-accelerometer-enabled.o
 .debug_frame   0x0000007c       0x30 c:/program files (x86)/gnu tools arm embedded/5.4 2016q3/bin/../lib/gcc/arm-none-eabi/5.4.1/../../../../arm-none-eabi/lib/armv7e-m/fpu\libm.a(lib_a-s_ceil.o)
 .debug_frame   0x000000ac       0x30 c:/program files (x86)/gnu tools arm embedded/5.4 2016q3/bin/../lib/gcc/arm-none-eabi/5.4.1/../../../../arm-none-eabi/lib/armv7e-m/fpu\libm.a(lib_a-s_floor.o)
 .debug_frame   0x000000dc       0x58 c:/program files (x86)/gnu tools arm embedded/5.4 2016q3/bin/../lib/gcc/arm-none-eabi/5.4.1/../../../../arm-none-eabi/lib/armv7e-m/fpu\libm.a(lib_a-w_sqrt.o)
 .debug_frame   0x00000134       0x30 c:/program files (x86)/gnu tools arm embedded/5.4 2016q3/bin/../lib/gcc/arm-none-eabi/5.4.1/../../../../arm-none-eabi/lib/armv7e-m/fpu\libm.a(lib_a-e_sqrt.o)
 .debug_frame   0x00000164       0x20 c:/program files (x86)/gnu tools arm embedded/5.4 2016q3/bin/../lib/gcc/arm-none-eabi/5.4.1/../../../../arm-none-eabi/lib/armv7e-m/fpu\libm.a(lib_a-s_matherr.o)
 .debug_frame   0x00000184       0x44 c:/program files (x86)/gnu tools arm embedded/5.4 2016q3/bin/../lib/gcc/arm-none-eabi/5.4.1/armv7e-m/fpu\libgcc.a(_aeabi_ldivmod.o)
 .debug_frame   0x000001c8       0x2c c:/program files (x86)/gnu tools arm embedded/5.4 2016q3/bin/../lib/gcc/arm-none-eabi/5.4.1/armv7e-m/fpu\libgcc.a(_aeabi_uldivmod.o)
 .debug_frame   0x000001f4       0x2c c:/program files (x86)/gnu tools arm embedded/5.4 2016q3/bin/../lib/gcc/arm-none-eabi/5.4.1/armv7e-m/fpu\libgcc.a(_fixunssfdi.o)
 .debug_frame   0x00000220       0x2c c:/program files (x86)/gnu tools arm embedded/5.4 2016q3/bin/../lib/gcc/arm-none-eabi/5.4.1/armv7e-m/fpu\libgcc.a(_fixunsdfdi.o)
 .debug_frame   0x0000024c       0x34 c:/program files (x86)/gnu tools arm embedded/5.4 2016q3/bin/../lib/gcc/arm-none-eabi/5.4.1/armv7e-m/fpu\libgcc.a(_udivmoddi4.o)
 .debug_frame   0x00000280       0x30 c:/program files (x86)/gnu tools arm embedded/5.4 2016q3/bin/../lib/gcc/arm-none-eabi/5.4.1/../../../../arm-none-eabi/lib/armv7e-m/fpu\libc.a(lib_a-atoi.o)
 .debug_frame   0x000002b0       0x20 c:/program files (x86)/gnu tools arm embedded/5.4 2016q3/bin/../lib/gcc/arm-none-eabi/5.4.1/../../../../arm-none-eabi/lib/armv7e-m/fpu\libc.a(lib_a-calloc.o)
 .debug_frame   0x000002d0       0x28 c:/program files (x86)/gnu tools arm embedded/5.4 2016q3/bin/../lib/gcc/arm-none-eabi/5.4.1/../../../../arm-none-eabi/lib/armv7e-m/fpu\libc.a(lib_a-callocr.o)
 .debug_frame   0x000002f8       0x20 c:/program files (x86)/gnu tools arm embedded/5.4 2016q3/bin/../lib/gcc/arm-none-eabi/5.4.1/../../../../arm-none-eabi/lib/armv7e-m/fpu\libc.a(lib_a-errno.o)
 .debug_frame   0x00000318       0x6c c:/program files (x86)/gnu tools arm embedded/5.4 2016q3/bin/../lib/gcc/arm-none-eabi/5.4.1/../../../../arm-none-eabi/lib/armv7e-m/fpu\libc.a(lib_a-fflush.o)
 .debug_frame   0x00000384      0x124 c:/program files (x86)/gnu tools arm embedded/5.4 2016q3/bin/../lib/gcc/arm-none-eabi/5.4.1/../../../../arm-none-eabi/lib/armv7e-m/fpu\libc.a(lib_a-findfp.o)
 .debug_frame   0x000004a8       0x74 c:/program files (x86)/gnu tools arm embedded/5.4 2016q3/bin/../lib/gcc/arm-none-eabi/5.4.1/../../../../arm-none-eabi/lib/armv7e-m/fpu\libc.a(lib_a-freer.o)
 .debug_frame   0x0000051c       0x54 c:/program files (x86)/gnu tools arm embedded/5.4 2016q3/bin/../lib/gcc/arm-none-eabi/5.4.1/../../../../arm-none-eabi/lib/armv7e-m/fpu\libc.a(lib_a-fwalk.o)
 .debug_frame   0x00000570       0x30 c:/program files (x86)/gnu tools arm embedded/5.4 2016q3/bin/../lib/gcc/arm-none-eabi/5.4.1/../../../../arm-none-eabi/lib/armv7e-m/fpu\libc.a(lib_a-malloc.o)
 .debug_frame   0x000005a0       0x58 c:/program files (x86)/gnu tools arm embedded/5.4 2016q3/bin/../lib/gcc/arm-none-eabi/5.4.1/../../../../arm-none-eabi/lib/armv7e-m/fpu\libc.a(lib_a-mallocr.o)
 .debug_frame   0x000005f8       0x38 c:/program files (x86)/gnu tools arm embedded/5.4 2016q3/bin/../lib/gcc/arm-none-eabi/5.4.1/../../../../arm-none-eabi/lib/armv7e-m/fpu\libc.a(lib_a-memcmp.o)
 .debug_frame   0x00000630       0x34 c:/program files (x86)/gnu tools arm embedded/5.4 2016q3/bin/../lib/gcc/arm-none-eabi/5.4.1/../../../../arm-none-eabi/lib/armv7e-m/fpu\libc.a(lib_a-memset.o)
 .debug_frame   0x00000664       0x30 c:/program files (x86)/gnu tools arm embedded/5.4 2016q3/bin/../lib/gcc/arm-none-eabi/5.4.1/../../../../arm-none-eabi/lib/armv7e-m/fpu\libc.a(lib_a-mlock.o)
 .debug_frame   0x00000694       0x80 c:/program files (x86)/gnu tools arm embedded/5.4 2016q3/bin/../lib/gcc/arm-none-eabi/5.4.1/../../../../arm-none-eabi/lib/armv7e-m/fpu\libc.a(lib_a-mstats.o)
 .debug_frame   0x00000714       0x74 c:/program files (x86)/gnu tools arm embedded/5.4 2016q3/bin/../lib/gcc/arm-none-eabi/5.4.1/../../../../arm-none-eabi/lib/armv7e-m/fpu\libc.a(lib_a-printf.o)
 .debug_frame   0x00000788       0x30 c:/program files (x86)/gnu tools arm embedded/5.4 2016q3/bin/../lib/gcc/arm-none-eabi/5.4.1/../../../../arm-none-eabi/lib/armv7e-m/fpu\libc.a(lib_a-putchar.o)
 .debug_frame   0x000007b8       0x48 c:/program files (x86)/gnu tools arm embedded/5.4 2016q3/bin/../lib/gcc/arm-none-eabi/5.4.1/../../../../arm-none-eabi/lib/armv7e-m/fpu\libc.a(lib_a-puts.o)
 .debug_frame   0x00000800       0x2c c:/program files (x86)/gnu tools arm embedded/5.4 2016q3/bin/../lib/gcc/arm-none-eabi/5.4.1/../../../../arm-none-eabi/lib/armv7e-m/fpu\libc.a(lib_a-sbrkr.o)
 .debug_frame   0x0000082c       0xd0 c:/program files (x86)/gnu tools arm embedded/5.4 2016q3/bin/../lib/gcc/arm-none-eabi/5.4.1/../../../../arm-none-eabi/lib/armv7e-m/fpu\libc.a(lib_a-snprintf.o)
 .debug_frame   0x000008fc       0x88 c:/program files (x86)/gnu tools arm embedded/5.4 2016q3/bin/../lib/gcc/arm-none-eabi/5.4.1/../../../../arm-none-eabi/lib/armv7e-m/fpu\libc.a(lib_a-stdio.o)
 .debug_frame   0x00000984       0x68 c:/program files (x86)/gnu tools arm embedded/5.4 2016q3/bin/../lib/gcc/arm-none-eabi/5.4.1/../../../../arm-none-eabi/lib/armv7e-m/fpu\libc.a(lib_a-strcmp.o)
 .debug_frame   0x000009ec       0x54 c:/program files (x86)/gnu tools arm embedded/5.4 2016q3/bin/../lib/gcc/arm-none-eabi/5.4.1/../../../../arm-none-eabi/lib/armv7e-m/fpu\libc.a(lib_a-strncmp.o)
 .debug_frame   0x00000a40       0x30 c:/program files (x86)/gnu tools arm embedded/5.4 2016q3/bin/../lib/gcc/arm-none-eabi/5.4.1/../../../../arm-none-eabi/lib/armv7e-m/fpu\libc.a(lib_a-strnlen.o)
 .debug_frame   0x00000a70       0x20 c:/program files (x86)/gnu tools arm embedded/5.4 2016q3/bin/../lib/gcc/arm-none-eabi/5.4.1/../../../../arm-none-eabi/lib/armv7e-m/fpu\libc.a(lib_a-strtok.o)
 .debug_frame   0x00000a90       0x48 c:/program files (x86)/gnu tools arm embedded/5.4 2016q3/bin/../lib/gcc/arm-none-eabi/5.4.1/../../../../arm-none-eabi/lib/armv7e-m/fpu\libc.a(lib_a-strtok_r.o)
 .debug_frame   0x00000ad8       0x98 c:/program files (x86)/gnu tools arm embedded/5.4 2016q3/bin/../lib/gcc/arm-none-eabi/5.4.1/../../../../arm-none-eabi/lib/armv7e-m/fpu\libc.a(lib_a-strtol.o)
 .debug_frame   0x00000b70       0x98 c:/program files (x86)/gnu tools arm embedded/5.4 2016q3/bin/../lib/gcc/arm-none-eabi/5.4.1/../../../../arm-none-eabi/lib/armv7e-m/fpu\libc.a(lib_a-strtoul.o)
 .debug_frame   0x00000c08       0x44 c:/program files (x86)/gnu tools arm embedded/5.4 2016q3/bin/../lib/gcc/arm-none-eabi/5.4.1/../../../../arm-none-eabi/lib/armv7e-m/fpu\libc.a(lib_a-svfprintf.o)
 .debug_frame   0x00000c4c       0x88 c:/program files (x86)/gnu tools arm embedded/5.4 2016q3/bin/../lib/gcc/arm-none-eabi/5.4.1/../../../../arm-none-eabi/lib/armv7e-m/fpu\libc.a(lib_a-vfprintf.o)
 .debug_frame   0x00000cd4       0x2c c:/program files (x86)/gnu tools arm embedded/5.4 2016q3/bin/../lib/gcc/arm-none-eabi/5.4.1/../../../../arm-none-eabi/lib/armv7e-m/fpu\libc.a(lib_a-writer.o)
 .debug_frame   0x00000d00       0x2c c:/program files (x86)/gnu tools arm embedded/5.4 2016q3/bin/../lib/gcc/arm-none-eabi/5.4.1/../../../../arm-none-eabi/lib/armv7e-m/fpu\libc.a(lib_a-wsetup.o)
 .debug_frame   0x00000d2c       0x2c c:/program files (x86)/gnu tools arm embedded/5.4 2016q3/bin/../lib/gcc/arm-none-eabi/5.4.1/../../../../arm-none-eabi/lib/armv7e-m/fpu\libc.a(lib_a-closer.o)
 .debug_frame   0x00000d58       0x88 c:/program files (x86)/gnu tools arm embedded/5.4 2016q3/bin/../lib/gcc/arm-none-eabi/5.4.1/../../../../arm-none-eabi/lib/armv7e-m/fpu\libc.a(lib_a-dtoa.o)
 .debug_frame   0x00000de0       0x44 c:/program files (x86)/gnu tools arm embedded/5.4 2016q3/bin/../lib/gcc/arm-none-eabi/5.4.1/../../../../arm-none-eabi/lib/armv7e-m/fpu\libc.a(lib_a-fclose.o)
 .debug_frame   0x00000e24       0x68 c:/program files (x86)/gnu tools arm embedded/5.4 2016q3/bin/../lib/gcc/arm-none-eabi/5.4.1/../../../../arm-none-eabi/lib/armv7e-m/fpu\libc.a(lib_a-fvwrite.o)
 .debug_frame   0x00000e8c       0x84 c:/program files (x86)/gnu tools arm embedded/5.4 2016q3/bin/../lib/gcc/arm-none-eabi/5.4.1/../../../../arm-none-eabi/lib/armv7e-m/fpu\libc.a(lib_a-locale.o)
 .debug_frame   0x00000f10       0x40 c:/program files (x86)/gnu tools arm embedded/5.4 2016q3/bin/../lib/gcc/arm-none-eabi/5.4.1/../../../../arm-none-eabi/lib/armv7e-m/fpu\libc.a(lib_a-localeconv.o)
 .debug_frame   0x00000f50       0x2c c:/program files (x86)/gnu tools arm embedded/5.4 2016q3/bin/../lib/gcc/arm-none-eabi/5.4.1/../../../../arm-none-eabi/lib/armv7e-m/fpu\libc.a(lib_a-lseekr.o)
 .debug_frame   0x00000f7c       0x68 c:/program files (x86)/gnu tools arm embedded/5.4 2016q3/bin/../lib/gcc/arm-none-eabi/5.4.1/../../../../arm-none-eabi/lib/armv7e-m/fpu\libc.a(lib_a-makebuf.o)
 .debug_frame   0x00000fe4       0x50 c:/program files (x86)/gnu tools arm embedded/5.4 2016q3/bin/../lib/gcc/arm-none-eabi/5.4.1/../../../../arm-none-eabi/lib/armv7e-m/fpu\libc.a(lib_a-mallinfor.o)
 .debug_frame   0x00001034       0x4c c:/program files (x86)/gnu tools arm embedded/5.4 2016q3/bin/../lib/gcc/arm-none-eabi/5.4.1/../../../../arm-none-eabi/lib/armv7e-m/fpu\libc.a(lib_a-mbtowc_r.o)
 .debug_frame   0x00001080       0x30 c:/program files (x86)/gnu tools arm embedded/5.4 2016q3/bin/../lib/gcc/arm-none-eabi/5.4.1/../../../../arm-none-eabi/lib/armv7e-m/fpu\libc.a(lib_a-memmove.o)
 .debug_frame   0x000010b0      0x264 c:/program files (x86)/gnu tools arm embedded/5.4 2016q3/bin/../lib/gcc/arm-none-eabi/5.4.1/../../../../arm-none-eabi/lib/armv7e-m/fpu\libc.a(lib_a-mprec.o)
 .debug_frame   0x00001314       0x58 c:/program files (x86)/gnu tools arm embedded/5.4 2016q3/bin/../lib/gcc/arm-none-eabi/5.4.1/../../../../arm-none-eabi/lib/armv7e-m/fpu\libc.a(lib_a-putc.o)
 .debug_frame   0x0000136c       0x2c c:/program files (x86)/gnu tools arm embedded/5.4 2016q3/bin/../lib/gcc/arm-none-eabi/5.4.1/../../../../arm-none-eabi/lib/armv7e-m/fpu\libc.a(lib_a-readr.o)
 .debug_frame   0x00001398       0x60 c:/program files (x86)/gnu tools arm embedded/5.4 2016q3/bin/../lib/gcc/arm-none-eabi/5.4.1/../../../../arm-none-eabi/lib/armv7e-m/fpu\libc.a(lib_a-reallocr.o)
 .debug_frame   0x000013f8       0x58 c:/program files (x86)/gnu tools arm embedded/5.4 2016q3/bin/../lib/gcc/arm-none-eabi/5.4.1/../../../../arm-none-eabi/lib/armv7e-m/fpu\libc.a(lib_a-reent.o)
 .debug_frame   0x00001450       0x78 c:/program files (x86)/gnu tools arm embedded/5.4 2016q3/bin/../lib/gcc/arm-none-eabi/5.4.1/../../../../arm-none-eabi/lib/armv7e-m/fpu\libc.a(lib_a-svfiprintf.o)
 .debug_frame   0x000014c8       0xc8 c:/program files (x86)/gnu tools arm embedded/5.4 2016q3/bin/../lib/gcc/arm-none-eabi/5.4.1/../../../../arm-none-eabi/lib/armv7e-m/fpu\libc.a(lib_a-vfiprintf.o)
 .debug_frame   0x00001590       0x40 c:/program files (x86)/gnu tools arm embedded/5.4 2016q3/bin/../lib/gcc/arm-none-eabi/5.4.1/../../../../arm-none-eabi/lib/armv7e-m/fpu\libc.a(lib_a-wbuf.o)
 .debug_frame   0x000015d0       0x3c c:/program files (x86)/gnu tools arm embedded/5.4 2016q3/bin/../lib/gcc/arm-none-eabi/5.4.1/../../../../arm-none-eabi/lib/armv7e-m/fpu\libc.a(lib_a-wctomb_r.o)
 .debug_frame   0x0000160c       0x8c c:/program files (x86)/gnu tools arm embedded/5.4 2016q3/bin/../lib/gcc/arm-none-eabi/5.4.1/../../../../arm-none-eabi/lib/armv7e-m/fpu\libc.a(lib_a-fputwc.o)
 .debug_frame   0x00001698       0x2c c:/program files (x86)/gnu tools arm embedded/5.4 2016q3/bin/../lib/gcc/arm-none-eabi/5.4.1/../../../../arm-none-eabi/lib/armv7e-m/fpu\libc.a(lib_a-fstatr.o)
 .debug_frame   0x000016c4       0x2c c:/program files (x86)/gnu tools arm embedded/5.4 2016q3/bin/../lib/gcc/arm-none-eabi/5.4.1/../../../../arm-none-eabi/lib/armv7e-m/fpu\libc.a(lib_a-isattyr.o)
 .debug_frame   0x000016f0       0x5c c:/program files (x86)/gnu tools arm embedded/5.4 2016q3/bin/../lib/gcc/arm-none-eabi/5.4.1/../../../../arm-none-eabi/lib/armv7e-m/fpu\libc.a(lib_a-wcrtomb.o)
 .debug_frame   0x0000174c       0x20 c:/program files (x86)/gnu tools arm embedded/5.4 2016q3/bin/../lib/gcc/arm-none-eabi/5.4.1/../../../../arm-none-eabi/lib/armv7e-m/fpu\libnosys.a(close.o)
 .debug_frame   0x0000176c       0x20 c:/program files (x86)/gnu tools arm embedded/5.4 2016q3/bin/../lib/gcc/arm-none-eabi/5.4.1/../../../../arm-none-eabi/lib/armv7e-m/fpu\libnosys.a(fstat.o)
 .debug_frame   0x0000178c       0x20 c:/program files (x86)/gnu tools arm embedded/5.4 2016q3/bin/../lib/gcc/arm-none-eabi/5.4.1/../../../../arm-none-eabi/lib/armv7e-m/fpu\libnosys.a(isatty.o)
 .debug_frame   0x000017ac       0x20 c:/program files (x86)/gnu tools arm embedded/5.4 2016q3/bin/../lib/gcc/arm-none-eabi/5.4.1/../../../../arm-none-eabi/lib/armv7e-m/fpu\libnosys.a(lseek.o)
 .debug_frame   0x000017cc       0x20 c:/program files (x86)/gnu tools arm embedded/5.4 2016q3/bin/../lib/gcc/arm-none-eabi/5.4.1/../../../../arm-none-eabi/lib/armv7e-m/fpu\libsupc++.a(atexit_arm.o)

.debug_str      0x00000000      0x56d
 *(.debug_str)
 .debug_str     0x00000000      0x56d C:/Users/wangz/Documents/GitHub/DMW1001_firmware/DWM1001_on_board_package_R2.0/dwm/examples/dwm-accelerometer-enabled/output/compiler/dwm-accelerometer-enabled.o
                                0x5e8 (size before relaxing)

.debug_loc
 *(.debug_loc)

.debug_macinfo
 *(.debug_macinfo)

.note.arm.ident
 *(.note.arm.ident)

/DISCARD/
 *(.fini_array*)

.rom_vectors    0x00044000        0x8
                0x00044000                __rom_vectors_vma = ABSOLUTE (.)
                0x00044000                . = .
 *(.vectors)
 .vectors       0x00044000        0x8 C:/Users/wangz/Documents/GitHub/DMW1001_firmware/DWM1001_on_board_package_R2.0/dwm/examples/dwm-accelerometer-enabled/../../lib\vectors.o
                0x00044000                __rom_vectors_lma = LOADADDR (.rom_vectors)

.rel.text
 *(.rel.text)
 *(.rel.text.*)
 *(.rel.gnu.linkonce.t*)

.rela.text
 *(.rela.text)
 *(.rela.text.*)
 *(.rela.gnu.linkonce.t*)

.rel.data
 *(.rel.data)
 *(.rel.data.*)
 *(.rel.gnu.linkonce.d*)

.rela.data
 *(.rela.data)
 *(.rela.data.*)
 *(.rela.gnu.linkonce.d*)

.rel.rodata
 *(.rel.rodata)
 *(.rel.rodata.*)
 *(.rel.gnu.linkonce.r*)

.rela.rodata
 *(.rela.rodata)
 *(.rela.rodata.*)
 *(.rela.gnu.linkonce.r*)

.rel.got
 *(.rel.got)

.rela.got
 *(.rela.got)

.rel.ctors
 *(.rel.ctors)

.rela.ctors
 *(.rela.ctors)

.rel.dtors
 *(.rel.dtors)

.rela.dtors
 *(.rela.dtors)

.rel.init
 *(.rel.init)

.rela.init
 *(.rela.init)

.rel.fini
 *(.rel.fini)

.rela.fini
 *(.rela.fini)

.rel.bss
 *(.rel.bss)

.rela.bss
 *(.rela.bss)

.rel.plt
 *(.rel.plt)

.rela.plt
 *(.rela.plt)

.rel.dyn        0x00044008        0x0
 *(.rel.dyn)
 .rel.iplt      0x00044008        0x0 C:/Users/wangz/Documents/GitHub/DMW1001_firmware/DWM1001_on_board_package_R2.0/dwm/examples/dwm-accelerometer-enabled/../../lib\vectors.o

.ARM.extab      0x00044008        0x0
                [!provide]                PROVIDE (__stext, ABSOLUTE (.))
                0x00044008                _stext = ABSOLUTE (.)
                0x00044008                . = .
 *(.ARM.extab* .gnu.linkonce.armextab.*)
                0x00044008                . = ALIGN (0x8)
                0x00044008                __exidx_start = ABSOLUTE (.)

.ARM.exidx      0x00044008        0x8
 *(.ARM.exidx* .gnu.linkonce.armexidx.*)
 .ARM.exidx     0x00044008        0x8 c:/program files (x86)/gnu tools arm embedded/5.4 2016q3/bin/../lib/gcc/arm-none-eabi/5.4.1/armv7e-m/fpu\libgcc.a(_udivmoddi4.o)
 .ARM.exidx.text.__aeabi_atexit
                0x00044010        0x0 c:/program files (x86)/gnu tools arm embedded/5.4 2016q3/bin/../lib/gcc/arm-none-eabi/5.4.1/../../../../arm-none-eabi/lib/armv7e-m/fpu\libsupc++.a(atexit_arm.o)
                                  0x8 (size before relaxing)
                0x00044010                . = .
                0x00044010                __exidx_end = ABSOLUTE (.)

.text           0x00044010    0x2cfb8
 *(.text*)
 .text          0x00044010       0xec C:/Users/wangz/Documents/GitHub/DMW1001_firmware/DWM1001_on_board_package_R2.0/dwm/examples/dwm-accelerometer-enabled/../../lib\vectors.o
                0x00044010                reset_vector
                0x0004401c                hal_switch_state_vsr
                0x0004403c                hal_default_exception_vsr
                0x0004406e                hal_default_interrupt_vsr
                0x00044082                hal_pendable_svc_vsr
                0x000440a8                hal_interrupt_end_done
                0x000440ac                hal_interrupt_end_vsr
                0x000440ba                hal_call_dsrs_vsr
                0x000440be                hal_default_svc_vsr
                0x000440cc                hal_usagefault_exception_vsr
                0x000440f4                hal_boot_jump_asm
 .text.on_dwm_evt
                0x000440fc      0x240 C:/Users/wangz/Documents/GitHub/DMW1001_firmware/DWM1001_on_board_package_R2.0/dwm/examples/dwm-accelerometer-enabled/output/compiler/dwm-accelerometer-enabled.o
                0x000440fc                on_dwm_evt
 .text.app_thread_entry
                0x0004433c      0x1c4 C:/Users/wangz/Documents/GitHub/DMW1001_firmware/DWM1001_on_board_package_R2.0/dwm/examples/dwm-accelerometer-enabled/output/compiler/dwm-accelerometer-enabled.o
                0x0004433c                app_thread_entry
 .text.dwm_user_start
                0x00044500       0x5c C:/Users/wangz/Documents/GitHub/DMW1001_firmware/DWM1001_on_board_package_R2.0/dwm/examples/dwm-accelerometer-enabled/output/compiler/dwm-accelerometer-enabled.o
                0x00044500                dwm_user_start
 .text.user_thread_create
                0x0004455c       0x84 C:/Users/wangz/Documents/GitHub/DMW1001_firmware/DWM1001_on_board_package_R2.0/dwm/examples/dwm-accelerometer-enabled/../../lib/dwm.o
                0x0004455c                user_thread_create
 .text.user_thread_resume
                0x000445e0       0x38 C:/Users/wangz/Documents/GitHub/DMW1001_firmware/DWM1001_on_board_package_R2.0/dwm/examples/dwm-accelerometer-enabled/../../lib/dwm.o
                0x000445e0                user_thread_resume
 .text.dwm_shell_add_commands
                0x00044618       0x6c C:/Users/wangz/Documents/GitHub/DMW1001_firmware/DWM1001_on_board_package_R2.0/dwm/examples/dwm-accelerometer-enabled/../../lib/dwm.o
                0x00044618                dwm_shell_add_commands
 .text.cyg_user_start
                0x00044684      0x13c C:/Users/wangz/Documents/GitHub/DMW1001_firmware/DWM1001_on_board_package_R2.0/dwm/examples/dwm-accelerometer-enabled/../../lib/dwm.o
                0x00044684                cyg_user_start
 .text.sd_ble_gap_addr_set
                0x000447c0        0x4 C:/Users/wangz/Documents/GitHub/DMW1001_firmware/DWM1001_on_board_package_R2.0/dwm/examples/dwm-accelerometer-enabled/../../lib/libdwm.a(ble-server.o)
 .text.sd_ble_gap_addr_get
                0x000447c4        0x4 C:/Users/wangz/Documents/GitHub/DMW1001_firmware/DWM1001_on_board_package_R2.0/dwm/examples/dwm-accelerometer-enabled/../../lib/libdwm.a(ble-server.o)
 .text.sd_ble_gap_disconnect
                0x000447c8        0x4 C:/Users/wangz/Documents/GitHub/DMW1001_firmware/DWM1001_on_board_package_R2.0/dwm/examples/dwm-accelerometer-enabled/../../lib/libdwm.a(ble-server.o)
 .text.sd_ble_gap_device_name_set
                0x000447cc        0x4 C:/Users/wangz/Documents/GitHub/DMW1001_firmware/DWM1001_on_board_package_R2.0/dwm/examples/dwm-accelerometer-enabled/../../lib/libdwm.a(ble-server.o)
 .text.sd_ble_gatts_service_add
                0x000447d0        0x4 C:/Users/wangz/Documents/GitHub/DMW1001_firmware/DWM1001_on_board_package_R2.0/dwm/examples/dwm-accelerometer-enabled/../../lib/libdwm.a(ble-server.o)
 .text.sd_ble_gatts_characteristic_add
                0x000447d4        0x4 C:/Users/wangz/Documents/GitHub/DMW1001_firmware/DWM1001_on_board_package_R2.0/dwm/examples/dwm-accelerometer-enabled/../../lib/libdwm.a(ble-server.o)
 .text.sd_ble_gatts_value_set
                0x000447d8        0x4 C:/Users/wangz/Documents/GitHub/DMW1001_firmware/DWM1001_on_board_package_R2.0/dwm/examples/dwm-accelerometer-enabled/../../lib/libdwm.a(ble-server.o)
 .text.sd_ble_gatts_value_get
                0x000447dc        0x4 C:/Users/wangz/Documents/GitHub/DMW1001_firmware/DWM1001_on_board_package_R2.0/dwm/examples/dwm-accelerometer-enabled/../../lib/libdwm.a(ble-server.o)
 .text.sd_ble_gatts_hvx
                0x000447e0        0x4 C:/Users/wangz/Documents/GitHub/DMW1001_firmware/DWM1001_on_board_package_R2.0/dwm/examples/dwm-accelerometer-enabled/../../lib/libdwm.a(ble-server.o)
 .text.sd_ble_gatts_exchange_mtu_reply
                0x000447e4        0x4 C:/Users/wangz/Documents/GitHub/DMW1001_firmware/DWM1001_on_board_package_R2.0/dwm/examples/dwm-accelerometer-enabled/../../lib/libdwm.a(ble-server.o)
 .text.sd_ble_tx_packet_count_get
                0x000447e8        0x4 C:/Users/wangz/Documents/GitHub/DMW1001_firmware/DWM1001_on_board_package_R2.0/dwm/examples/dwm-accelerometer-enabled/../../lib/libdwm.a(ble-server.o)
 .text.sd_ble_uuid_vs_add
                0x000447ec        0x4 C:/Users/wangz/Documents/GitHub/DMW1001_firmware/DWM1001_on_board_package_R2.0/dwm/examples/dwm-accelerometer-enabled/../../lib/libdwm.a(ble-server.o)
 .text.NVIC_SystemReset
                0x000447f0       0x24 C:/Users/wangz/Documents/GitHub/DMW1001_firmware/DWM1001_on_board_package_R2.0/dwm/examples/dwm-accelerometer-enabled/../../lib/libdwm.a(ble-server.o)
 .text.sd_clock_hfclk_release
                0x00044814        0x4 C:/Users/wangz/Documents/GitHub/DMW1001_firmware/DWM1001_on_board_package_R2.0/dwm/examples/dwm-accelerometer-enabled/../../lib/libdwm.a(ble-server.o)
 .text.sd_clock_hfclk_is_running
                0x00044818        0x4 C:/Users/wangz/Documents/GitHub/DMW1001_firmware/DWM1001_on_board_package_R2.0/dwm/examples/dwm-accelerometer-enabled/../../lib/libdwm.a(ble-server.o)
 .text.sd_softdevice_disable
                0x0004481c        0x4 C:/Users/wangz/Documents/GitHub/DMW1001_firmware/DWM1001_on_board_package_R2.0/dwm/examples/dwm-accelerometer-enabled/../../lib/libdwm.a(ble-server.o)
 .text.conn_params_error_handler
                0x00044820        0x2 C:/Users/wangz/Documents/GitHub/DMW1001_firmware/DWM1001_on_board_package_R2.0/dwm/examples/dwm-accelerometer-enabled/../../lib/libdwm.a(ble-server.o)
 *fill*         0x00044822        0x2 
 .text.opt_flag_set
                0x00044824       0x18 C:/Users/wangz/Documents/GitHub/DMW1001_firmware/DWM1001_on_board_package_R2.0/dwm/examples/dwm-accelerometer-enabled/../../lib/libdwm.a(ble-server.o)
 .text.opt_flag_clear
                0x0004483c       0x18 C:/Users/wangz/Documents/GitHub/DMW1001_firmware/DWM1001_on_board_package_R2.0/dwm/examples/dwm-accelerometer-enabled/../../lib/libdwm.a(ble-server.o)
 .text.ch_read  0x00044854       0x24 C:/Users/wangz/Documents/GitHub/DMW1001_firmware/DWM1001_on_board_package_R2.0/dwm/examples/dwm-accelerometer-enabled/../../lib/libdwm.a(ble-server.o)
 .text.ch_write
                0x00044878       0x16 C:/Users/wangz/Documents/GitHub/DMW1001_firmware/DWM1001_on_board_package_R2.0/dwm/examples/dwm-accelerometer-enabled/../../lib/libdwm.a(ble-server.o)
 *fill*         0x0004488e        0x2 
 .text._ble_mac_stat_set
                0x00044890       0x40 C:/Users/wangz/Documents/GitHub/DMW1001_firmware/DWM1001_on_board_package_R2.0/dwm/examples/dwm-accelerometer-enabled/../../lib/libdwm.a(ble-server.o)
 .text.advertising_counter_inc
                0x000448d0       0x30 C:/Users/wangz/Documents/GitHub/DMW1001_firmware/DWM1001_on_board_package_R2.0/dwm/examples/dwm-accelerometer-enabled/../../lib/libdwm.a(ble-server.o)
 .text._ble_pan_id_set
                0x00044900       0x38 C:/Users/wangz/Documents/GitHub/DMW1001_firmware/DWM1001_on_board_package_R2.0/dwm/examples/dwm-accelerometer-enabled/../../lib/libdwm.a(ble-server.o)
 .text.ble_pm_suspend
                0x00044938       0x38 C:/Users/wangz/Documents/GitHub/DMW1001_firmware/DWM1001_on_board_package_R2.0/dwm/examples/dwm-accelerometer-enabled/../../lib/libdwm.a(ble-server.o)
 .text.on_advertising_evt
                0x00044970        0x8 C:/Users/wangz/Documents/GitHub/DMW1001_firmware/DWM1001_on_board_package_R2.0/dwm/examples/dwm-accelerometer-enabled/../../lib/libdwm.a(ble-server.o)
 .text._ble_addr_set
                0x00044978       0x18 C:/Users/wangz/Documents/GitHub/DMW1001_firmware/DWM1001_on_board_package_R2.0/dwm/examples/dwm-accelerometer-enabled/../../lib/libdwm.a(ble-server.o)
 .text._add_shell_cmds
                0x00044990       0x10 C:/Users/wangz/Documents/GitHub/DMW1001_firmware/DWM1001_on_board_package_R2.0/dwm/examples/dwm-accelerometer-enabled/../../lib/libdwm.a(ble-server.o)
 .text.uwbmac_cb
                0x000449a0       0xc8 C:/Users/wangz/Documents/GitHub/DMW1001_firmware/DWM1001_on_board_package_R2.0/dwm/examples/dwm-accelerometer-enabled/../../lib/libdwm.a(ble-server.o)
 .text.ch_notify
                0x00044a68       0x44 C:/Users/wangz/Documents/GitHub/DMW1001_firmware/DWM1001_on_board_package_R2.0/dwm/examples/dwm-accelerometer-enabled/../../lib/libdwm.a(ble-server.o)
 .text.fwup_resp_notify
                0x00044aac       0x50 C:/Users/wangz/Documents/GitHub/DMW1001_firmware/DWM1001_on_board_package_R2.0/dwm/examples/dwm-accelerometer-enabled/../../lib/libdwm.a(ble-server.o)
 .text.encode_dist.part.1
                0x00044afc       0x62 C:/Users/wangz/Documents/GitHub/DMW1001_firmware/DWM1001_on_board_package_R2.0/dwm/examples/dwm-accelerometer-enabled/../../lib/libdwm.a(ble-server.o)
 *fill*         0x00044b5e        0x2 
 .text._ble_proxy_set
                0x00044b60       0x90 C:/Users/wangz/Documents/GitHub/DMW1001_firmware/DWM1001_on_board_package_R2.0/dwm/examples/dwm-accelerometer-enabled/../../lib/libdwm.a(ble-server.o)
                0x00044b60                _ble_proxy_set
 .text._ble_label_set
                0x00044bf0       0x30 C:/Users/wangz/Documents/GitHub/DMW1001_firmware/DWM1001_on_board_package_R2.0/dwm/examples/dwm-accelerometer-enabled/../../lib/libdwm.a(ble-server.o)
                0x00044bf0                _ble_label_set
 .text._ble_ur_set
                0x00044c20       0x50 C:/Users/wangz/Documents/GitHub/DMW1001_firmware/DWM1001_on_board_package_R2.0/dwm/examples/dwm-accelerometer-enabled/../../lib/libdwm.a(ble-server.o)
 .text.on_conn_params_evt
                0x00044c70       0x68 C:/Users/wangz/Documents/GitHub/DMW1001_firmware/DWM1001_on_board_package_R2.0/dwm/examples/dwm-accelerometer-enabled/../../lib/libdwm.a(ble-server.o)
 .text._ble_an_list_set
                0x00044cd8       0x58 C:/Users/wangz/Documents/GitHub/DMW1001_firmware/DWM1001_on_board_package_R2.0/dwm/examples/dwm-accelerometer-enabled/../../lib/libdwm.a(ble-server.o)
 .text._ble_mac_cl_info_set
                0x00044d30       0x48 C:/Users/wangz/Documents/GitHub/DMW1001_firmware/DWM1001_on_board_package_R2.0/dwm/examples/dwm-accelerometer-enabled/../../lib/libdwm.a(ble-server.o)
 .text._ble_addr_get
                0x00044d78       0x48 C:/Users/wangz/Documents/GitHub/DMW1001_firmware/DWM1001_on_board_package_R2.0/dwm/examples/dwm-accelerometer-enabled/../../lib/libdwm.a(ble-server.o)
 .text._ble_stop
                0x00044dc0       0x20 C:/Users/wangz/Documents/GitHub/DMW1001_firmware/DWM1001_on_board_package_R2.0/dwm/examples/dwm-accelerometer-enabled/../../lib/libdwm.a(ble-server.o)
 .text.ble_register_wakeup_button
                0x00044de0       0x28 C:/Users/wangz/Documents/GitHub/DMW1001_firmware/DWM1001_on_board_package_R2.0/dwm/examples/dwm-accelerometer-enabled/../../lib/libdwm.a(ble-server.o)
 .text._ble_start
                0x00044e08       0x4a C:/Users/wangz/Documents/GitHub/DMW1001_firmware/DWM1001_on_board_package_R2.0/dwm/examples/dwm-accelerometer-enabled/../../lib/libdwm.a(ble-server.o)
 .text.ch_uuid_vs_add.isra.22
                0x00044e52       0xee C:/Users/wangz/Documents/GitHub/DMW1001_firmware/DWM1001_on_board_package_R2.0/dwm/examples/dwm-accelerometer-enabled/../../lib/libdwm.a(ble-server.o)
 .text.on_advertising_error
                0x00044f40        0x2 C:/Users/wangz/Documents/GitHub/DMW1001_firmware/DWM1001_on_board_package_R2.0/dwm/examples/dwm-accelerometer-enabled/../../lib/libdwm.a(ble-server.o)
 .text.gpio_ble_wakeup_intr
                0x00044f42       0x1e C:/Users/wangz/Documents/GitHub/DMW1001_firmware/DWM1001_on_board_package_R2.0/dwm/examples/dwm-accelerometer-enabled/../../lib/libdwm.a(ble-server.o)
 .text.ble_uuid128_service_get
                0x00044f60        0x8 C:/Users/wangz/Documents/GitHub/DMW1001_firmware/DWM1001_on_board_package_R2.0/dwm/examples/dwm-accelerometer-enabled/../../lib/libdwm.a(ble-server.o)
                0x00044f60                ble_uuid128_service_get
 .text.ble_adv_is_enabled
                0x00044f68        0xc C:/Users/wangz/Documents/GitHub/DMW1001_firmware/DWM1001_on_board_package_R2.0/dwm/examples/dwm-accelerometer-enabled/../../lib/libdwm.a(ble-server.o)
                0x00044f68                ble_adv_is_enabled
 .text.ble_add_shell_cmds
                0x00044f74       0x10 C:/Users/wangz/Documents/GitHub/DMW1001_firmware/DWM1001_on_board_package_R2.0/dwm/examples/dwm-accelerometer-enabled/../../lib/libdwm.a(ble-server.o)
                0x00044f74                ble_add_shell_cmds
 .text.ble_start
                0x00044f84       0x10 C:/Users/wangz/Documents/GitHub/DMW1001_firmware/DWM1001_on_board_package_R2.0/dwm/examples/dwm-accelerometer-enabled/../../lib/libdwm.a(ble-server.o)
                0x00044f84                ble_start
 .text.ble_stop
                0x00044f94       0x10 C:/Users/wangz/Documents/GitHub/DMW1001_firmware/DWM1001_on_board_package_R2.0/dwm/examples/dwm-accelerometer-enabled/../../lib/libdwm.a(ble-server.o)
                0x00044f94                ble_stop
 .text.ble_req_stop
                0x00044fa4       0x10 C:/Users/wangz/Documents/GitHub/DMW1001_firmware/DWM1001_on_board_package_R2.0/dwm/examples/dwm-accelerometer-enabled/../../lib/libdwm.a(ble-server.o)
                0x00044fa4                ble_req_stop
 .text.ble_stop_is_needed
                0x00044fb4        0xc C:/Users/wangz/Documents/GitHub/DMW1001_firmware/DWM1001_on_board_package_R2.0/dwm/examples/dwm-accelerometer-enabled/../../lib/libdwm.a(ble-server.o)
                0x00044fb4                ble_stop_is_needed
 .text.ble_autosuspend_disable
                0x00044fc0        0xc C:/Users/wangz/Documents/GitHub/DMW1001_firmware/DWM1001_on_board_package_R2.0/dwm/examples/dwm-accelerometer-enabled/../../lib/libdwm.a(ble-server.o)
                0x00044fc0                ble_autosuspend_disable
 .text.ble_autosuspend_enable
                0x00044fcc        0xc C:/Users/wangz/Documents/GitHub/DMW1001_firmware/DWM1001_on_board_package_R2.0/dwm/examples/dwm-accelerometer-enabled/../../lib/libdwm.a(ble-server.o)
                0x00044fcc                ble_autosuspend_enable
 .text.ble_pos_dist_set
                0x00044fd8      0x15c C:/Users/wangz/Documents/GitHub/DMW1001_firmware/DWM1001_on_board_package_R2.0/dwm/examples/dwm-accelerometer-enabled/../../lib/libdwm.a(ble-server.o)
                0x00044fd8                ble_pos_dist_set
 .text.ble_label_set
                0x00045134       0x10 C:/Users/wangz/Documents/GitHub/DMW1001_firmware/DWM1001_on_board_package_R2.0/dwm/examples/dwm-accelerometer-enabled/../../lib/libdwm.a(ble-server.o)
                0x00045134                ble_label_set
 .text.ble_ur_set
                0x00045144       0x10 C:/Users/wangz/Documents/GitHub/DMW1001_firmware/DWM1001_on_board_package_R2.0/dwm/examples/dwm-accelerometer-enabled/../../lib/libdwm.a(ble-server.o)
                0x00045144                ble_ur_set
 .text.ble_pan_id_set
                0x00045154       0x10 C:/Users/wangz/Documents/GitHub/DMW1001_firmware/DWM1001_on_board_package_R2.0/dwm/examples/dwm-accelerometer-enabled/../../lib/libdwm.a(ble-server.o)
                0x00045154                ble_pan_id_set
 .text.ble_addr_set
                0x00045164       0x14 C:/Users/wangz/Documents/GitHub/DMW1001_firmware/DWM1001_on_board_package_R2.0/dwm/examples/dwm-accelerometer-enabled/../../lib/libdwm.a(ble-server.o)
                0x00045164                ble_addr_set
 .text.ble_addr_get
                0x00045178       0x14 C:/Users/wangz/Documents/GitHub/DMW1001_firmware/DWM1001_on_board_package_R2.0/dwm/examples/dwm-accelerometer-enabled/../../lib/libdwm.a(ble-server.o)
                0x00045178                ble_addr_get
 .text._ble_sys_info
                0x0004518c       0x90 C:/Users/wangz/Documents/GitHub/DMW1001_firmware/DWM1001_on_board_package_R2.0/dwm/examples/dwm-accelerometer-enabled/../../lib/libdwm.a(ble-server.o)
 .text.ble_an_list_set
                0x0004521c       0x10 C:/Users/wangz/Documents/GitHub/DMW1001_firmware/DWM1001_on_board_package_R2.0/dwm/examples/dwm-accelerometer-enabled/../../lib/libdwm.a(ble-server.o)
                0x0004521c                ble_an_list_set
 .text.ble_mac_cl_info_set
                0x0004522c       0x10 C:/Users/wangz/Documents/GitHub/DMW1001_firmware/DWM1001_on_board_package_R2.0/dwm/examples/dwm-accelerometer-enabled/../../lib/libdwm.a(ble-server.o)
                0x0004522c                ble_mac_cl_info_set
 .text.ble_mac_stat_set
                0x0004523c       0x10 C:/Users/wangz/Documents/GitHub/DMW1001_firmware/DWM1001_on_board_package_R2.0/dwm/examples/dwm-accelerometer-enabled/../../lib/libdwm.a(ble-server.o)
                0x0004523c                ble_mac_stat_set
 .text.ble_proxy_set
                0x0004524c       0x14 C:/Users/wangz/Documents/GitHub/DMW1001_firmware/DWM1001_on_board_package_R2.0/dwm/examples/dwm-accelerometer-enabled/../../lib/libdwm.a(ble-server.o)
                0x0004524c                ble_proxy_set
 .text.ble_advertising_enable
                0x00045260       0x60 C:/Users/wangz/Documents/GitHub/DMW1001_firmware/DWM1001_on_board_package_R2.0/dwm/examples/dwm-accelerometer-enabled/../../lib/libdwm.a(ble-server.o)
                0x00045260                ble_advertising_enable
 .text.ble_server_on_ble_evt
                0x000452c0      0x9a4 C:/Users/wangz/Documents/GitHub/DMW1001_firmware/DWM1001_on_board_package_R2.0/dwm/examples/dwm-accelerometer-enabled/../../lib/libdwm.a(ble-server.o)
                0x000452c0                ble_server_on_ble_evt
 .text.ble_sys_info
                0x00045c64       0x10 C:/Users/wangz/Documents/GitHub/DMW1001_firmware/DWM1001_on_board_package_R2.0/dwm/examples/dwm-accelerometer-enabled/../../lib/libdwm.a(ble-server.o)
                0x00045c64                ble_sys_info
 .text.ble_compile
                0x00045c74       0xc0 C:/Users/wangz/Documents/GitHub/DMW1001_firmware/DWM1001_on_board_package_R2.0/dwm/examples/dwm-accelerometer-enabled/../../lib/libdwm.a(ble-server.o)
                0x00045c74                ble_compile
 .text.ble_server_init
                0x00045d34      0x690 C:/Users/wangz/Documents/GitHub/DMW1001_firmware/DWM1001_on_board_package_R2.0/dwm/examples/dwm-accelerometer-enabled/../../lib/libdwm.a(ble-server.o)
                0x00045d34                ble_server_init
 .text.ble_server_uninit
                0x000463c4       0x2c C:/Users/wangz/Documents/GitHub/DMW1001_firmware/DWM1001_on_board_package_R2.0/dwm/examples/dwm-accelerometer-enabled/../../lib/libdwm.a(ble-server.o)
                0x000463c4                ble_server_uninit
 .text.ble_srv_is_notification_enabled
                0x000463f0        0x8 C:/Users/wangz/Documents/GitHub/DMW1001_firmware/DWM1001_on_board_package_R2.0/dwm/examples/dwm-accelerometer-enabled/../../lib/libdwm.a(ble_srv_common.o)
                0x000463f0                ble_srv_is_notification_enabled
 .text.dw_usec_to_devt
                0x000463f8       0x20 C:/Users/wangz/Documents/GitHub/DMW1001_firmware/DWM1001_on_board_package_R2.0/dwm/examples/dwm-accelerometer-enabled/../../lib/libdwm.a(dw1000.o)
                0x000463f8                dw_usec_to_devt
 .text.dw_read_sys_time
                0x00046418       0x40 C:/Users/wangz/Documents/GitHub/DMW1001_firmware/DWM1001_on_board_package_R2.0/dwm/examples/dwm-accelerometer-enabled/../../lib/libdwm.a(dw1000.o)
                0x00046418                dw_read_sys_time
 .text.dw_rand  0x00046458       0x18 C:/Users/wangz/Documents/GitHub/DMW1001_firmware/DWM1001_on_board_package_R2.0/dwm/examples/dwm-accelerometer-enabled/../../lib/libdwm.a(dw1000.o)
                0x00046458                dw_rand
 .text.dw_near_timeout
                0x00046470       0x50 C:/Users/wangz/Documents/GitHub/DMW1001_firmware/DWM1001_on_board_package_R2.0/dwm/examples/dwm-accelerometer-enabled/../../lib/libdwm.a(dw1000.o)
                0x00046470                dw_near_timeout
 .text.dw_tx_reset
                0x000464c0       0x3a C:/Users/wangz/Documents/GitHub/DMW1001_firmware/DWM1001_on_board_package_R2.0/dwm/examples/dwm-accelerometer-enabled/../../lib/libdwm.a(dw1000.o)
                0x000464c0                dw_tx_reset
 .text.dw_buf_write
                0x000464fa       0xd4 C:/Users/wangz/Documents/GitHub/DMW1001_firmware/DWM1001_on_board_package_R2.0/dwm/examples/dwm-accelerometer-enabled/../../lib/libdwm.a(dw1000.o)
                0x000464fa                dw_buf_write
 .text.dw_buf_start
                0x000465ce       0x90 C:/Users/wangz/Documents/GitHub/DMW1001_firmware/DWM1001_on_board_package_R2.0/dwm/examples/dwm-accelerometer-enabled/../../lib/libdwm.a(dw1000.o)
                0x000465ce                dw_buf_start
 .text.dw_buf_await_send
                0x0004665e       0x54 C:/Users/wangz/Documents/GitHub/DMW1001_firmware/DWM1001_on_board_package_R2.0/dwm/examples/dwm-accelerometer-enabled/../../lib/libdwm.a(dw1000.o)
                0x0004665e                dw_buf_await_send
 .text.dw_buf_send
                0x000466b2       0x1e C:/Users/wangz/Documents/GitHub/DMW1001_firmware/DWM1001_on_board_package_R2.0/dwm/examples/dwm-accelerometer-enabled/../../lib/libdwm.a(dw1000.o)
                0x000466b2                dw_buf_send
 .text.dw_rx_on
                0x000466d0       0x20 C:/Users/wangz/Documents/GitHub/DMW1001_firmware/DWM1001_on_board_package_R2.0/dwm/examples/dwm-accelerometer-enabled/../../lib/libdwm.a(dw1000.o)
                0x000466d0                dw_rx_on
 .text.dw_rxto_on
                0x000466f0       0x40 C:/Users/wangz/Documents/GitHub/DMW1001_firmware/DWM1001_on_board_package_R2.0/dwm/examples/dwm-accelerometer-enabled/../../lib/libdwm.a(dw1000.o)
                0x000466f0                dw_rxto_on
 .text.dw_get_preamble_len
                0x00046730       0x18 C:/Users/wangz/Documents/GitHub/DMW1001_firmware/DWM1001_on_board_package_R2.0/dwm/examples/dwm-accelerometer-enabled/../../lib/libdwm.a(dw1000.o)
                0x00046730                dw_get_preamble_len
 .text.dw_get_frame_len
                0x00046748      0x124 C:/Users/wangz/Documents/GitHub/DMW1001_firmware/DWM1001_on_board_package_R2.0/dwm/examples/dwm-accelerometer-enabled/../../lib/libdwm.a(dw1000.o)
                0x00046748                dw_get_frame_len
 *fill*         0x0004686c        0x4 
 .text.dw_get_qf
                0x00046870      0x16c C:/Users/wangz/Documents/GitHub/DMW1001_firmware/DWM1001_on_board_package_R2.0/dwm/examples/dwm-accelerometer-enabled/../../lib/libdwm.a(dw1000.o)
                0x00046870                dw_get_qf
 *fill*         0x000469dc        0x4 
 .text.dw_get_rssi
                0x000469e0       0xb8 C:/Users/wangz/Documents/GitHub/DMW1001_firmware/DWM1001_on_board_package_R2.0/dwm/examples/dwm-accelerometer-enabled/../../lib/libdwm.a(dw1000.o)
                0x000469e0                dw_get_rssi
 .text.dw_set_ch_cfg
                0x00046a98        0xa C:/Users/wangz/Documents/GitHub/DMW1001_firmware/DWM1001_on_board_package_R2.0/dwm/examples/dwm-accelerometer-enabled/../../lib/libdwm.a(dw1000.o)
                0x00046a98                dw_set_ch_cfg
 .text.dw_set_tx_cfg
                0x00046aa2       0x1a C:/Users/wangz/Documents/GitHub/DMW1001_firmware/DWM1001_on_board_package_R2.0/dwm/examples/dwm-accelerometer-enabled/../../lib/libdwm.a(dw1000.o)
                0x00046aa2                dw_set_tx_cfg
 .text.dw_set_ant_tx_delay
                0x00046abc        0x8 C:/Users/wangz/Documents/GitHub/DMW1001_firmware/DWM1001_on_board_package_R2.0/dwm/examples/dwm-accelerometer-enabled/../../lib/libdwm.a(dw1000.o)
                0x00046abc                dw_set_ant_tx_delay
 .text.dw_get_temp
                0x00046ac4       0x36 C:/Users/wangz/Documents/GitHub/DMW1001_firmware/DWM1001_on_board_package_R2.0/dwm/examples/dwm-accelerometer-enabled/../../lib/libdwm.a(dw1000.o)
                0x00046ac4                dw_get_temp
 .text.dw_rsl_workaround
                0x00046afa       0x1c C:/Users/wangz/Documents/GitHub/DMW1001_firmware/DWM1001_on_board_package_R2.0/dwm/examples/dwm-accelerometer-enabled/../../lib/libdwm.a(dw1000.o)
                0x00046afa                dw_rsl_workaround
 *fill*         0x00046b16        0x2 
 .text.dw_bw_txpwr_comp
                0x00046b18      0x1f8 C:/Users/wangz/Documents/GitHub/DMW1001_firmware/DWM1001_on_board_package_R2.0/dwm/examples/dwm-accelerometer-enabled/../../lib/libdwm.a(dw1000.o)
                0x00046b18                dw_bw_txpwr_comp
 .text.dw_tx_cb
                0x00046d10       0x7c C:/Users/wangz/Documents/GitHub/DMW1001_firmware/DWM1001_on_board_package_R2.0/dwm/examples/dwm-accelerometer-enabled/../../lib/libdwm.a(dw1000.o)
                0x00046d10                dw_tx_cb
 .text.dw_rx_cb
                0x00046d8c      0x18a C:/Users/wangz/Documents/GitHub/DMW1001_firmware/DWM1001_on_board_package_R2.0/dwm/examples/dwm-accelerometer-enabled/../../lib/libdwm.a(dw1000.o)
                0x00046d8c                dw_rx_cb
 .text.dw_sleep
                0x00046f16       0x54 C:/Users/wangz/Documents/GitHub/DMW1001_firmware/DWM1001_on_board_package_R2.0/dwm/examples/dwm-accelerometer-enabled/../../lib/libdwm.a(dw1000.o)
                0x00046f16                dw_sleep
 .text.dw_rxdata_read
                0x00046f6a       0x10 C:/Users/wangz/Documents/GitHub/DMW1001_firmware/DWM1001_on_board_package_R2.0/dwm/examples/dwm-accelerometer-enabled/../../lib/libdwm.a(dw1000.o)
                0x00046f6a                dw_rxdata_read
 *fill*         0x00046f7a        0x2 
 .text.dw_init  0x00046f7c       0xac C:/Users/wangz/Documents/GitHub/DMW1001_firmware/DWM1001_on_board_package_R2.0/dwm/examples/dwm-accelerometer-enabled/../../lib/libdwm.a(dw1000.o)
                0x00046f7c                dw_init
 .text.dw_set_src_addr
                0x00047028       0x7a C:/Users/wangz/Documents/GitHub/DMW1001_firmware/DWM1001_on_board_package_R2.0/dwm/examples/dwm-accelerometer-enabled/../../lib/libdwm.a(dw1000.o)
                0x00047028                dw_set_src_addr
 .text.dw_get_src_addr
                0x000470a2        0xc C:/Users/wangz/Documents/GitHub/DMW1001_firmware/DWM1001_on_board_package_R2.0/dwm/examples/dwm-accelerometer-enabled/../../lib/libdwm.a(dw1000.o)
                0x000470a2                dw_get_src_addr
 .text.dw_get_event
                0x000470ae       0x70 C:/Users/wangz/Documents/GitHub/DMW1001_firmware/DWM1001_on_board_package_R2.0/dwm/examples/dwm-accelerometer-enabled/../../lib/libdwm.a(dw1000.o)
                0x000470ae                dw_get_event
 *fill*         0x0004711e        0x2 
 .text.uwb_get_if
                0x00047120       0x10 C:/Users/wangz/Documents/GitHub/DMW1001_firmware/DWM1001_on_board_package_R2.0/dwm/examples/dwm-accelerometer-enabled/../../lib/libdwm.a(dw1000.o)
                0x00047120                uwb_get_if
 .text.dw1000_init
                0x00047130       0xd8 C:/Users/wangz/Documents/GitHub/DMW1001_firmware/DWM1001_on_board_package_R2.0/dwm/examples/dwm-accelerometer-enabled/../../lib/libdwm.a(dw1000.o)
                0x00047130                dw1000_init
 .text.dw_dump_cfg
                0x00047208      0x278 C:/Users/wangz/Documents/GitHub/DMW1001_firmware/DWM1001_on_board_package_R2.0/dwm/examples/dwm-accelerometer-enabled/../../lib/libdwm.a(dw1000.o)
                0x00047208                dw_dump_cfg
 .text.uwb_sys_info
                0x00047480      0x100 C:/Users/wangz/Documents/GitHub/DMW1001_firmware/DWM1001_on_board_package_R2.0/dwm/examples/dwm-accelerometer-enabled/../../lib/libdwm.a(dw1000.o)
                0x00047480                uwb_sys_info
 .text.fact     0x00047580       0x12 C:/Users/wangz/Documents/GitHub/DMW1001_firmware/DWM1001_on_board_package_R2.0/dwm/examples/dwm-accelerometer-enabled/../../lib/libdwm.a(dwm-math.o)
                0x00047580                fact
 *fill*         0x00047592        0x2 
 .text.flog10   0x00047594       0x28 C:/Users/wangz/Documents/GitHub/DMW1001_firmware/DWM1001_on_board_package_R2.0/dwm/examples/dwm-accelerometer-enabled/../../lib/libdwm.a(dwm-math.o)
                0x00047594                flog10
 .text.get_dist
                0x000475bc       0xc4 C:/Users/wangz/Documents/GitHub/DMW1001_firmware/DWM1001_on_board_package_R2.0/dwm/examples/dwm-accelerometer-enabled/../../lib/libdwm.a(dwm-math.o)
                0x000475bc                get_dist
 .text.dwm_pm_init
                0x00047680       0x34 C:/Users/wangz/Documents/GitHub/DMW1001_firmware/DWM1001_on_board_package_R2.0/dwm/examples/dwm-accelerometer-enabled/../../lib/libdwm.a(dwm.o)
 .text.uwbmac_cb
                0x000476b4      0x204 C:/Users/wangz/Documents/GitHub/DMW1001_firmware/DWM1001_on_board_package_R2.0/dwm/examples/dwm-accelerometer-enabled/../../lib/libdwm.a(dwm.o)
 .text.dwm_pm_lock
                0x000478b8       0x20 C:/Users/wangz/Documents/GitHub/DMW1001_firmware/DWM1001_on_board_package_R2.0/dwm/examples/dwm-accelerometer-enabled/../../lib/libdwm.a(dwm.o)
 .text.dwm_systime_us_get
                0x000478d8        0x8 C:/Users/wangz/Documents/GitHub/DMW1001_firmware/DWM1001_on_board_package_R2.0/dwm/examples/dwm-accelerometer-enabled/../../lib/libdwm.a(dwm.o)
                0x000478d8                dwm_systime_us_get
 .text.dwm_thread_create
                0x000478e0       0x20 C:/Users/wangz/Documents/GitHub/DMW1001_firmware/DWM1001_on_board_package_R2.0/dwm/examples/dwm-accelerometer-enabled/../../lib/libdwm.a(dwm.o)
                0x000478e0                dwm_thread_create
 .text.dwm_thread_resume
                0x00047900       0x10 C:/Users/wangz/Documents/GitHub/DMW1001_firmware/DWM1001_on_board_package_R2.0/dwm/examples/dwm-accelerometer-enabled/../../lib/libdwm.a(dwm.o)
                0x00047900                dwm_thread_resume
 .text.dwm_i2c_read
                0x00047910       0x5a C:/Users/wangz/Documents/GitHub/DMW1001_firmware/DWM1001_on_board_package_R2.0/dwm/examples/dwm-accelerometer-enabled/../../lib/libdwm.a(dwm.o)
                0x00047910                dwm_i2c_read
 .text.dwm_i2c_write
                0x0004796a       0x5a C:/Users/wangz/Documents/GitHub/DMW1001_firmware/DWM1001_on_board_package_R2.0/dwm/examples/dwm-accelerometer-enabled/../../lib/libdwm.a(dwm.o)
                0x0004796a                dwm_i2c_write
 .text.dwm_cfg_anchor_set
                0x000479c4       0x52 C:/Users/wangz/Documents/GitHub/DMW1001_firmware/DWM1001_on_board_package_R2.0/dwm/examples/dwm-accelerometer-enabled/../../lib/libdwm.a(dwm.o)
                0x000479c4                dwm_cfg_anchor_set
 .text.dwm_cfg_tag_set
                0x00047a16       0x66 C:/Users/wangz/Documents/GitHub/DMW1001_firmware/DWM1001_on_board_package_R2.0/dwm/examples/dwm-accelerometer-enabled/../../lib/libdwm.a(dwm.o)
                0x00047a16                dwm_cfg_tag_set
 .text.dwm_cfg_get
                0x00047a7c       0x72 C:/Users/wangz/Documents/GitHub/DMW1001_firmware/DWM1001_on_board_package_R2.0/dwm/examples/dwm-accelerometer-enabled/../../lib/libdwm.a(dwm.o)
                0x00047a7c                dwm_cfg_get
 .text.dwm_stnry_cfg_set
                0x00047aee       0x1c C:/Users/wangz/Documents/GitHub/DMW1001_firmware/DWM1001_on_board_package_R2.0/dwm/examples/dwm-accelerometer-enabled/../../lib/libdwm.a(dwm.o)
                0x00047aee                dwm_stnry_cfg_set
 .text.dwm_pos_set
                0x00047b0a       0x2e C:/Users/wangz/Documents/GitHub/DMW1001_firmware/DWM1001_on_board_package_R2.0/dwm/examples/dwm-accelerometer-enabled/../../lib/libdwm.a(dwm.o)
                0x00047b0a                dwm_pos_set
 .text.dwm_pos_get
                0x00047b38       0x36 C:/Users/wangz/Documents/GitHub/DMW1001_firmware/DWM1001_on_board_package_R2.0/dwm/examples/dwm-accelerometer-enabled/../../lib/libdwm.a(dwm.o)
                0x00047b38                dwm_pos_get
 .text.dwm_upd_rate_set
                0x00047b6e       0x20 C:/Users/wangz/Documents/GitHub/DMW1001_firmware/DWM1001_on_board_package_R2.0/dwm/examples/dwm-accelerometer-enabled/../../lib/libdwm.a(dwm.o)
                0x00047b6e                dwm_upd_rate_set
 .text.dwm_upd_rate_get
                0x00047b8e       0x34 C:/Users/wangz/Documents/GitHub/DMW1001_firmware/DWM1001_on_board_package_R2.0/dwm/examples/dwm-accelerometer-enabled/../../lib/libdwm.a(dwm.o)
                0x00047b8e                dwm_upd_rate_get
 .text.dwm_label_read
                0x00047bc2       0x38 C:/Users/wangz/Documents/GitHub/DMW1001_firmware/DWM1001_on_board_package_R2.0/dwm/examples/dwm-accelerometer-enabled/../../lib/libdwm.a(dwm.o)
                0x00047bc2                dwm_label_read
 .text.dwm_nvm_usr_data_get
                0x00047bfa       0x2c C:/Users/wangz/Documents/GitHub/DMW1001_firmware/DWM1001_on_board_package_R2.0/dwm/examples/dwm-accelerometer-enabled/../../lib/libdwm.a(dwm.o)
                0x00047bfa                dwm_nvm_usr_data_get
 .text.dwm_nvm_usr_data_set
                0x00047c26       0x22 C:/Users/wangz/Documents/GitHub/DMW1001_firmware/DWM1001_on_board_package_R2.0/dwm/examples/dwm-accelerometer-enabled/../../lib/libdwm.a(dwm.o)
                0x00047c26                dwm_nvm_usr_data_set
 .text.dwm_evt_listener_register
                0x00047c48       0x20 C:/Users/wangz/Documents/GitHub/DMW1001_firmware/DWM1001_on_board_package_R2.0/dwm/examples/dwm-accelerometer-enabled/../../lib/libdwm.a(dwm.o)
                0x00047c48                dwm_evt_listener_register
 .text.dwm_evt_wait
                0x00047c68       0x78 C:/Users/wangz/Documents/GitHub/DMW1001_firmware/DWM1001_on_board_package_R2.0/dwm/examples/dwm-accelerometer-enabled/../../lib/libdwm.a(dwm.o)
                0x00047c68                dwm_evt_wait
 .text.dwm_ble_compile
                0x00047ce0        0x4 C:/Users/wangz/Documents/GitHub/DMW1001_firmware/DWM1001_on_board_package_R2.0/dwm/examples/dwm-accelerometer-enabled/../../lib/libdwm.a(dwm.o)
                0x00047ce0                dwm_ble_compile
 .text.dwm_le_compile
                0x00047ce4        0x4 C:/Users/wangz/Documents/GitHub/DMW1001_firmware/DWM1001_on_board_package_R2.0/dwm/examples/dwm-accelerometer-enabled/../../lib/libdwm.a(dwm.o)
                0x00047ce4                dwm_le_compile
 .text.dwm_serial_spi_compile
                0x00047ce8        0x4 C:/Users/wangz/Documents/GitHub/DMW1001_firmware/DWM1001_on_board_package_R2.0/dwm/examples/dwm-accelerometer-enabled/../../lib/libdwm.a(dwm.o)
                0x00047ce8                dwm_serial_spi_compile
 .text.dwm_shell_compile
                0x00047cec        0x4 C:/Users/wangz/Documents/GitHub/DMW1001_firmware/DWM1001_on_board_package_R2.0/dwm/examples/dwm-accelerometer-enabled/../../lib/libdwm.a(dwm.o)
                0x00047cec                dwm_shell_compile
 .text.env_get_end
                0x00047cf0       0x28 C:/Users/wangz/Documents/GitHub/DMW1001_firmware/DWM1001_on_board_package_R2.0/dwm/examples/dwm-accelerometer-enabled/../../lib/libdwm.a(env-tlv.o)
 .text.env_save
                0x00047d18       0x60 C:/Users/wangz/Documents/GitHub/DMW1001_firmware/DWM1001_on_board_package_R2.0/dwm/examples/dwm-accelerometer-enabled/../../lib/libdwm.a(env-tlv.o)
                0x00047d18                env_save
 .text.env_load
                0x00047d78       0xe4 C:/Users/wangz/Documents/GitHub/DMW1001_firmware/DWM1001_on_board_package_R2.0/dwm/examples/dwm-accelerometer-enabled/../../lib/libdwm.a(env-tlv.o)
                0x00047d78                env_load
 .text.env_clear
                0x00047e5c       0x48 C:/Users/wangz/Documents/GitHub/DMW1001_firmware/DWM1001_on_board_package_R2.0/dwm/examples/dwm-accelerometer-enabled/../../lib/libdwm.a(env-tlv.o)
                0x00047e5c                env_clear
 .text.env_get  0x00047ea4       0x30 C:/Users/wangz/Documents/GitHub/DMW1001_firmware/DWM1001_on_board_package_R2.0/dwm/examples/dwm-accelerometer-enabled/../../lib/libdwm.a(env-tlv.o)
                0x00047ea4                env_get
 .text.env_set  0x00047ed4       0xa8 C:/Users/wangz/Documents/GitHub/DMW1001_firmware/DWM1001_on_board_package_R2.0/dwm/examples/dwm-accelerometer-enabled/../../lib/libdwm.a(env-tlv.o)
                0x00047ed4                env_set
 .text.fwup_reset
                0x00047f7c        0x8 C:/Users/wangz/Documents/GitHub/DMW1001_firmware/DWM1001_on_board_package_R2.0/dwm/examples/dwm-accelerometer-enabled/../../lib/libdwm.a(fwup.o)
                0x00047f7c                fwup_reset
 .text.fwup_sndr_init
                0x00047f84       0x6a C:/Users/wangz/Documents/GitHub/DMW1001_firmware/DWM1001_on_board_package_R2.0/dwm/examples/dwm-accelerometer-enabled/../../lib/libdwm.a(fwup.o)
                0x00047f84                fwup_sndr_init
 .text.fwup_rcvr_in_progress
                0x00047fee       0x1a C:/Users/wangz/Documents/GitHub/DMW1001_firmware/DWM1001_on_board_package_R2.0/dwm/examples/dwm-accelerometer-enabled/../../lib/libdwm.a(fwup.o)
                0x00047fee                fwup_rcvr_in_progress
 .text.fwup_rcvr_stop
                0x00048008       0x16 C:/Users/wangz/Documents/GitHub/DMW1001_firmware/DWM1001_on_board_package_R2.0/dwm/examples/dwm-accelerometer-enabled/../../lib/libdwm.a(fwup.o)
                0x00048008                fwup_rcvr_stop
 .text.fwup_rcvr_start
                0x0004801e       0x4c C:/Users/wangz/Documents/GitHub/DMW1001_firmware/DWM1001_on_board_package_R2.0/dwm/examples/dwm-accelerometer-enabled/../../lib/libdwm.a(fwup.o)
                0x0004801e                fwup_rcvr_start
 .text.fwup_rcvr_rxbuf_space
                0x0004806a       0x12 C:/Users/wangz/Documents/GitHub/DMW1001_firmware/DWM1001_on_board_package_R2.0/dwm/examples/dwm-accelerometer-enabled/../../lib/libdwm.a(fwup.o)
                0x0004806a                fwup_rcvr_rxbuf_space
 .text.fwup_rcvr_data_handler
                0x0004807c       0x60 C:/Users/wangz/Documents/GitHub/DMW1001_firmware/DWM1001_on_board_package_R2.0/dwm/examples/dwm-accelerometer-enabled/../../lib/libdwm.a(fwup.o)
                0x0004807c                fwup_rcvr_data_handler
 .text.fwup_rcvr_data_write
                0x000480dc      0x160 C:/Users/wangz/Documents/GitHub/DMW1001_firmware/DWM1001_on_board_package_R2.0/dwm/examples/dwm-accelerometer-enabled/../../lib/libdwm.a(fwup.o)
                0x000480dc                fwup_rcvr_data_write
 .text.fwup_rcvr_is_finished
                0x0004823c       0x36 C:/Users/wangz/Documents/GitHub/DMW1001_firmware/DWM1001_on_board_package_R2.0/dwm/examples/dwm-accelerometer-enabled/../../lib/libdwm.a(fwup.o)
                0x0004823c                fwup_rcvr_is_finished
 .text.nrf_gpio_pins_toggle
                0x00048272       0x18 C:/Users/wangz/Documents/GitHub/DMW1001_firmware/DWM1001_on_board_package_R2.0/dwm/examples/dwm-accelerometer-enabled/../../lib/libdwm.a(hal.o)
 .text.sd_rand_application_bytes_available_get
                0x0004828a        0x4 C:/Users/wangz/Documents/GitHub/DMW1001_firmware/DWM1001_on_board_package_R2.0/dwm/examples/dwm-accelerometer-enabled/../../lib/libdwm.a(hal.o)
 .text.sd_rand_application_vector_get
                0x0004828e        0x4 C:/Users/wangz/Documents/GitHub/DMW1001_firmware/DWM1001_on_board_package_R2.0/dwm/examples/dwm-accelerometer-enabled/../../lib/libdwm.a(hal.o)
 .text.sd_clock_hfclk_request
                0x00048292        0x4 C:/Users/wangz/Documents/GitHub/DMW1001_firmware/DWM1001_on_board_package_R2.0/dwm/examples/dwm-accelerometer-enabled/../../lib/libdwm.a(hal.o)
 .text.sd_clock_hfclk_release
                0x00048296        0x4 C:/Users/wangz/Documents/GitHub/DMW1001_firmware/DWM1001_on_board_package_R2.0/dwm/examples/dwm-accelerometer-enabled/../../lib/libdwm.a(hal.o)
 .text.sd_app_evt_wait
                0x0004829a        0x4 C:/Users/wangz/Documents/GitHub/DMW1001_firmware/DWM1001_on_board_package_R2.0/dwm/examples/dwm-accelerometer-enabled/../../lib/libdwm.a(hal.o)
 .text.sd_ecb_block_encrypt
                0x0004829e        0x4 C:/Users/wangz/Documents/GitHub/DMW1001_firmware/DWM1001_on_board_package_R2.0/dwm/examples/dwm-accelerometer-enabled/../../lib/libdwm.a(hal.o)
 .text.sd_temp_get
                0x000482a2        0x4 C:/Users/wangz/Documents/GitHub/DMW1001_firmware/DWM1001_on_board_package_R2.0/dwm/examples/dwm-accelerometer-enabled/../../lib/libdwm.a(hal.o)
 .text._led_dummy
                0x000482a6        0x2 C:/Users/wangz/Documents/GitHub/DMW1001_firmware/DWM1001_on_board_package_R2.0/dwm/examples/dwm-accelerometer-enabled/../../lib/libdwm.a(hal.o)
 .text._led_orange_on
                0x000482a8        0xe C:/Users/wangz/Documents/GitHub/DMW1001_firmware/DWM1001_on_board_package_R2.0/dwm/examples/dwm-accelerometer-enabled/../../lib/libdwm.a(hal.o)
 .text._led_orange_off
                0x000482b6        0xe C:/Users/wangz/Documents/GitHub/DMW1001_firmware/DWM1001_on_board_package_R2.0/dwm/examples/dwm-accelerometer-enabled/../../lib/libdwm.a(hal.o)
 .text._led_orange_toggle
                0x000482c4        0x8 C:/Users/wangz/Documents/GitHub/DMW1001_firmware/DWM1001_on_board_package_R2.0/dwm/examples/dwm-accelerometer-enabled/../../lib/libdwm.a(hal.o)
 .text._led_red_on
                0x000482cc        0xe C:/Users/wangz/Documents/GitHub/DMW1001_firmware/DWM1001_on_board_package_R2.0/dwm/examples/dwm-accelerometer-enabled/../../lib/libdwm.a(hal.o)
 .text._led_red_off
                0x000482da        0xe C:/Users/wangz/Documents/GitHub/DMW1001_firmware/DWM1001_on_board_package_R2.0/dwm/examples/dwm-accelerometer-enabled/../../lib/libdwm.a(hal.o)
 .text._led_red_toggle
                0x000482e8        0x8 C:/Users/wangz/Documents/GitHub/DMW1001_firmware/DWM1001_on_board_package_R2.0/dwm/examples/dwm-accelerometer-enabled/../../lib/libdwm.a(hal.o)
 .text._led_green_on
                0x000482f0        0xe C:/Users/wangz/Documents/GitHub/DMW1001_firmware/DWM1001_on_board_package_R2.0/dwm/examples/dwm-accelerometer-enabled/../../lib/libdwm.a(hal.o)
 .text._led_green_off
                0x000482fe        0xe C:/Users/wangz/Documents/GitHub/DMW1001_firmware/DWM1001_on_board_package_R2.0/dwm/examples/dwm-accelerometer-enabled/../../lib/libdwm.a(hal.o)
 .text._led_green_toggle
                0x0004830c        0x8 C:/Users/wangz/Documents/GitHub/DMW1001_firmware/DWM1001_on_board_package_R2.0/dwm/examples/dwm-accelerometer-enabled/../../lib/libdwm.a(hal.o)
 .text.wdt_handler
                0x00048314        0x2 C:/Users/wangz/Documents/GitHub/DMW1001_firmware/DWM1001_on_board_package_R2.0/dwm/examples/dwm-accelerometer-enabled/../../lib/libdwm.a(hal.o)
 *fill*         0x00048316        0x2 
 .text.hal_factory_reset
                0x00048318       0x30 C:/Users/wangz/Documents/GitHub/DMW1001_firmware/DWM1001_on_board_package_R2.0/dwm/examples/dwm-accelerometer-enabled/../../lib/libdwm.a(hal.o)
                0x00048318                hal_factory_reset
 .text.is_user_app_pin
                0x00048348       0x5c C:/Users/wangz/Documents/GitHub/DMW1001_firmware/DWM1001_on_board_package_R2.0/dwm/examples/dwm-accelerometer-enabled/../../lib/libdwm.a(hal.o)
                0x00048348                is_user_app_pin
 .text.hal_sd_enabled
                0x000483a4        0x8 C:/Users/wangz/Documents/GitHub/DMW1001_firmware/DWM1001_on_board_package_R2.0/dwm/examples/dwm-accelerometer-enabled/../../lib/libdwm.a(hal.o)
                0x000483a4                hal_sd_enabled
 .text.hal_flash_erase
                0x000483ac       0x14 C:/Users/wangz/Documents/GitHub/DMW1001_firmware/DWM1001_on_board_package_R2.0/dwm/examples/dwm-accelerometer-enabled/../../lib/libdwm.a(hal.o)
                0x000483ac                hal_flash_erase
 .text.hal_flash_write_page
                0x000483c0        0x6 C:/Users/wangz/Documents/GitHub/DMW1001_firmware/DWM1001_on_board_package_R2.0/dwm/examples/dwm-accelerometer-enabled/../../lib/libdwm.a(hal.o)
                0x000483c0                hal_flash_write_page
 .text.hal_fw_get_chksum
                0x000483c6       0x42 C:/Users/wangz/Documents/GitHub/DMW1001_firmware/DWM1001_on_board_package_R2.0/dwm/examples/dwm-accelerometer-enabled/../../lib/libdwm.a(hal.o)
                0x000483c6                hal_fw_get_chksum
 .text.hal_fw_is_compat
                0x00048408       0x10 C:/Users/wangz/Documents/GitHub/DMW1001_firmware/DWM1001_on_board_package_R2.0/dwm/examples/dwm-accelerometer-enabled/../../lib/libdwm.a(hal.o)
                0x00048408                hal_fw_is_compat
 .text.hal_time_hfclk_start
                0x00048418       0x1a C:/Users/wangz/Documents/GitHub/DMW1001_firmware/DWM1001_on_board_package_R2.0/dwm/examples/dwm-accelerometer-enabled/../../lib/libdwm.a(hal.o)
                0x00048418                hal_time_hfclk_start
 .text.hal_time_hfclk_stop
                0x00048432       0x1c C:/Users/wangz/Documents/GitHub/DMW1001_firmware/DWM1001_on_board_package_R2.0/dwm/examples/dwm-accelerometer-enabled/../../lib/libdwm.a(hal.o)
                0x00048432                hal_time_hfclk_stop
 *fill*         0x0004844e        0x2 
 .text.hal_wdt_app_init
                0x00048450       0x10 C:/Users/wangz/Documents/GitHub/DMW1001_firmware/DWM1001_on_board_package_R2.0/dwm/examples/dwm-accelerometer-enabled/../../lib/libdwm.a(hal.o)
                0x00048450                hal_wdt_app_init
 .text.hal_wdt_app_reset
                0x00048460        0x4 C:/Users/wangz/Documents/GitHub/DMW1001_firmware/DWM1001_on_board_package_R2.0/dwm/examples/dwm-accelerometer-enabled/../../lib/libdwm.a(hal.o)
                0x00048460                hal_wdt_app_reset
 .text.hal_temp_get
                0x00048464       0x80 C:/Users/wangz/Documents/GitHub/DMW1001_firmware/DWM1001_on_board_package_R2.0/dwm/examples/dwm-accelerometer-enabled/../../lib/libdwm.a(hal.o)
                0x00048464                hal_temp_get
 .text.hal_sleep
                0x000484e4       0xe4 C:/Users/wangz/Documents/GitHub/DMW1001_firmware/DWM1001_on_board_package_R2.0/dwm/examples/dwm-accelerometer-enabled/../../lib/libdwm.a(hal.o)
                0x000484e4                hal_sleep
 .text.hal_uptime
                0x000485c8       0x20 C:/Users/wangz/Documents/GitHub/DMW1001_firmware/DWM1001_on_board_package_R2.0/dwm/examples/dwm-accelerometer-enabled/../../lib/libdwm.a(hal.o)
                0x000485c8                hal_uptime
 .text.hal_print_ps
                0x000485e8       0x80 C:/Users/wangz/Documents/GitHub/DMW1001_firmware/DWM1001_on_board_package_R2.0/dwm/examples/dwm-accelerometer-enabled/../../lib/libdwm.a(hal.o)
                0x000485e8                hal_print_ps
 .text.hal_print_free
                0x00048668       0x50 C:/Users/wangz/Documents/GitHub/DMW1001_firmware/DWM1001_on_board_package_R2.0/dwm/examples/dwm-accelerometer-enabled/../../lib/libdwm.a(hal.o)
                0x00048668                hal_print_free
 .text.hal_print_uptime
                0x000486b8       0xbc C:/Users/wangz/Documents/GitHub/DMW1001_firmware/DWM1001_on_board_package_R2.0/dwm/examples/dwm-accelerometer-enabled/../../lib/libdwm.a(hal.o)
                0x000486b8                hal_print_uptime
 .text.hal_print_sys_info
                0x00048774      0x130 C:/Users/wangz/Documents/GitHub/DMW1001_firmware/DWM1001_on_board_package_R2.0/dwm/examples/dwm-accelerometer-enabled/../../lib/libdwm.a(hal.o)
                0x00048774                hal_print_sys_info
 .text.hal_critical_region_enter
                0x000488a4       0x58 C:/Users/wangz/Documents/GitHub/DMW1001_firmware/DWM1001_on_board_package_R2.0/dwm/examples/dwm-accelerometer-enabled/../../lib/libdwm.a(hal.o)
                0x000488a4                hal_critical_region_enter
 .text.hal_critical_region_exit
                0x000488fc       0x38 C:/Users/wangz/Documents/GitHub/DMW1001_firmware/DWM1001_on_board_package_R2.0/dwm/examples/dwm-accelerometer-enabled/../../lib/libdwm.a(hal.o)
                0x000488fc                hal_critical_region_exit
 .text.leds_enable
                0x00048934       0xbc C:/Users/wangz/Documents/GitHub/DMW1001_firmware/DWM1001_on_board_package_R2.0/dwm/examples/dwm-accelerometer-enabled/../../lib/libdwm.a(hal.o)
                0x00048934                leds_enable
 .text.leds_disable
                0x000489f0       0x74 C:/Users/wangz/Documents/GitHub/DMW1001_firmware/DWM1001_on_board_package_R2.0/dwm/examples/dwm-accelerometer-enabled/../../lib/libdwm.a(hal.o)
                0x000489f0                leds_disable
 .text.hal_crypto_rng_get
                0x00048a64       0xa8 C:/Users/wangz/Documents/GitHub/DMW1001_firmware/DWM1001_on_board_package_R2.0/dwm/examples/dwm-accelerometer-enabled/../../lib/libdwm.a(hal.o)
                0x00048a64                hal_crypto_rng_get
 .text.hal_crypto_set_key
                0x00048b0c       0x60 C:/Users/wangz/Documents/GitHub/DMW1001_firmware/DWM1001_on_board_package_R2.0/dwm/examples/dwm-accelerometer-enabled/../../lib/libdwm.a(hal.o)
                0x00048b0c                hal_crypto_set_key
 .text.hal_crypto_mac_get
                0x00048b6c      0x128 C:/Users/wangz/Documents/GitHub/DMW1001_firmware/DWM1001_on_board_package_R2.0/dwm/examples/dwm-accelerometer-enabled/../../lib/libdwm.a(hal.o)
                0x00048b6c                hal_crypto_mac_get
 .text.hal_crypto_crypt
                0x00048c94       0xc8 C:/Users/wangz/Documents/GitHub/DMW1001_firmware/DWM1001_on_board_package_R2.0/dwm/examples/dwm-accelerometer-enabled/../../lib/libdwm.a(hal.o)
                0x00048c94                hal_crypto_crypt
 .text._read    0x00048d5c        0x8 C:/Users/wangz/Documents/GitHub/DMW1001_firmware/DWM1001_on_board_package_R2.0/dwm/examples/dwm-accelerometer-enabled/../../lib/libdwm.a(hal.o)
                0x00048d5c                _read
 .text._write   0x00048d64       0x2a C:/Users/wangz/Documents/GitHub/DMW1001_firmware/DWM1001_on_board_package_R2.0/dwm/examples/dwm-accelerometer-enabled/../../lib/libdwm.a(hal.o)
                0x00048d64                _write
 *fill*         0x00048d8e        0x2 
 .text._sbrk    0x00048d90       0x2c C:/Users/wangz/Documents/GitHub/DMW1001_firmware/DWM1001_on_board_package_R2.0/dwm/examples/dwm-accelerometer-enabled/../../lib/libdwm.a(hal.o)
                0x00048d90                _sbrk
 .text.rng_isr  0x00048dbc       0x14 C:/Users/wangz/Documents/GitHub/DMW1001_firmware/DWM1001_on_board_package_R2.0/dwm/examples/dwm-accelerometer-enabled/../../lib/libdwm.a(nrf_drv_rng.o)
 .text.rng_start
                0x00048dd0       0x38 C:/Users/wangz/Documents/GitHub/DMW1001_firmware/DWM1001_on_board_package_R2.0/dwm/examples/dwm-accelerometer-enabled/../../lib/libdwm.a(nrf_drv_rng.o)
 .text.nrf_drv_rng_init
                0x00048e08       0x98 C:/Users/wangz/Documents/GitHub/DMW1001_firmware/DWM1001_on_board_package_R2.0/dwm/examples/dwm-accelerometer-enabled/../../lib/libdwm.a(nrf_drv_rng.o)
                0x00048e08                nrf_drv_rng_init
 .text.nrf_drv_rng_bytes_available
                0x00048ea0       0x14 C:/Users/wangz/Documents/GitHub/DMW1001_firmware/DWM1001_on_board_package_R2.0/dwm/examples/dwm-accelerometer-enabled/../../lib/libdwm.a(nrf_drv_rng.o)
                0x00048ea0                nrf_drv_rng_bytes_available
 .text.nrf_drv_rng_rand
                0x00048eb4       0x3c C:/Users/wangz/Documents/GitHub/DMW1001_firmware/DWM1001_on_board_package_R2.0/dwm/examples/dwm-accelerometer-enabled/../../lib/libdwm.a(nrf_drv_rng.o)
                0x00048eb4                nrf_drv_rng_rand
 .text.RNG_IRQHandler
                0x00048ef0       0x54 C:/Users/wangz/Documents/GitHub/DMW1001_firmware/DWM1001_on_board_package_R2.0/dwm/examples/dwm-accelerometer-enabled/../../lib/libdwm.a(nrf_drv_rng.o)
                0x00048ef0                RNG_IRQHandler
 .text.rng_dsr  0x00048f44       0x10 C:/Users/wangz/Documents/GitHub/DMW1001_firmware/DWM1001_on_board_package_R2.0/dwm/examples/dwm-accelerometer-enabled/../../lib/libdwm.a(nrf_drv_rng.o)
 .text.pm_can_sleep
                0x00048f54       0x44 C:/Users/wangz/Documents/GitHub/DMW1001_firmware/DWM1001_on_board_package_R2.0/dwm/examples/dwm-accelerometer-enabled/../../lib/libdwm.a(pm.o)
                0x00048f54                pm_can_sleep
 .text.pm_task_get_next
                0x00048f98       0x54 C:/Users/wangz/Documents/GitHub/DMW1001_firmware/DWM1001_on_board_package_R2.0/dwm/examples/dwm-accelerometer-enabled/../../lib/libdwm.a(pm.o)
                0x00048f98                pm_task_get_next
 .text.pm_sched_signal
                0x00048fec        0xc C:/Users/wangz/Documents/GitHub/DMW1001_firmware/DWM1001_on_board_package_R2.0/dwm/examples/dwm-accelerometer-enabled/../../lib/libdwm.a(pm.o)
                0x00048fec                pm_sched_signal
 .text.pm_sched_wait
                0x00048ff8        0xc C:/Users/wangz/Documents/GitHub/DMW1001_firmware/DWM1001_on_board_package_R2.0/dwm/examples/dwm-accelerometer-enabled/../../lib/libdwm.a(pm.o)
                0x00048ff8                pm_sched_wait
 .text.pm_task_lock
                0x00049004       0x26 C:/Users/wangz/Documents/GitHub/DMW1001_firmware/DWM1001_on_board_package_R2.0/dwm/examples/dwm-accelerometer-enabled/../../lib/libdwm.a(pm.o)
                0x00049004                pm_task_lock
 .text.pm_task_unlock
                0x0004902a       0x2c C:/Users/wangz/Documents/GitHub/DMW1001_firmware/DWM1001_on_board_package_R2.0/dwm/examples/dwm-accelerometer-enabled/../../lib/libdwm.a(pm.o)
                0x0004902a                pm_task_unlock
 *fill*         0x00049056        0x2 
 .text.pm_task_unlock_set_alarm
                0x00049058       0x98 C:/Users/wangz/Documents/GitHub/DMW1001_firmware/DWM1001_on_board_package_R2.0/dwm/examples/dwm-accelerometer-enabled/../../lib/libdwm.a(pm.o)
                0x00049058                pm_task_unlock_set_alarm
 .text.pm_task_wakeup
                0x000490f0        0x4 C:/Users/wangz/Documents/GitHub/DMW1001_firmware/DWM1001_on_board_package_R2.0/dwm/examples/dwm-accelerometer-enabled/../../lib/libdwm.a(pm.o)
                0x000490f0                pm_task_wakeup
 .text.pm_task_alloc
                0x000490f4       0x64 C:/Users/wangz/Documents/GitHub/DMW1001_firmware/DWM1001_on_board_package_R2.0/dwm/examples/dwm-accelerometer-enabled/../../lib/libdwm.a(pm.o)
                0x000490f4                pm_task_alloc
 .text.pm_task_free
                0x00049158       0x58 C:/Users/wangz/Documents/GitHub/DMW1001_firmware/DWM1001_on_board_package_R2.0/dwm/examples/dwm-accelerometer-enabled/../../lib/libdwm.a(pm.o)
                0x00049158                pm_task_free
 .text.pm_init  0x000491b0       0x54 C:/Users/wangz/Documents/GitHub/DMW1001_firmware/DWM1001_on_board_package_R2.0/dwm/examples/dwm-accelerometer-enabled/../../lib/libdwm.a(pm.o)
                0x000491b0                pm_init
 .text.pm_dump  0x00049204       0x84 C:/Users/wangz/Documents/GitHub/DMW1001_firmware/DWM1001_on_board_package_R2.0/dwm/examples/dwm-accelerometer-enabled/../../lib/libdwm.a(pm.o)
                0x00049204                pm_dump
 .text.api_thread_start
                0x00049288       0x10 C:/Users/wangz/Documents/GitHub/DMW1001_firmware/DWM1001_on_board_package_R2.0/dwm/examples/dwm-accelerometer-enabled/../../lib/libdwm.a(process-api.o)
                0x00049288                api_thread_start
 .text.api_thread_init
                0x00049298       0x3c C:/Users/wangz/Documents/GitHub/DMW1001_firmware/DWM1001_on_board_package_R2.0/dwm/examples/dwm-accelerometer-enabled/../../lib/libdwm.a(process-api.o)
                0x00049298                api_thread_init
 .text.ble_thread_entry
                0x000492d4       0x78 C:/Users/wangz/Documents/GitHub/DMW1001_firmware/DWM1001_on_board_package_R2.0/dwm/examples/dwm-accelerometer-enabled/../../lib/libdwm.a(process-ble.o)
 .text.ble_server_evt_put
                0x0004934c       0x1c C:/Users/wangz/Documents/GitHub/DMW1001_firmware/DWM1001_on_board_package_R2.0/dwm/examples/dwm-accelerometer-enabled/../../lib/libdwm.a(process-ble.o)
                0x0004934c                ble_server_evt_put
 .text.ble_server_thread_start
                0x00049368       0x10 C:/Users/wangz/Documents/GitHub/DMW1001_firmware/DWM1001_on_board_package_R2.0/dwm/examples/dwm-accelerometer-enabled/../../lib/libdwm.a(process-ble.o)
                0x00049368                ble_server_thread_start
 .text.ble_server_thread_stop
                0x00049378       0x38 C:/Users/wangz/Documents/GitHub/DMW1001_firmware/DWM1001_on_board_package_R2.0/dwm/examples/dwm-accelerometer-enabled/../../lib/libdwm.a(process-ble.o)
                0x00049378                ble_server_thread_stop
 .text.ble_server_thread_init
                0x000493b0       0x4c C:/Users/wangz/Documents/GitHub/DMW1001_firmware/DWM1001_on_board_package_R2.0/dwm/examples/dwm-accelerometer-enabled/../../lib/libdwm.a(process-ble.o)
                0x000493b0                ble_server_thread_init
 .text.ble_init_ready
                0x000493fc        0xc C:/Users/wangz/Documents/GitHub/DMW1001_firmware/DWM1001_on_board_package_R2.0/dwm/examples/dwm-accelerometer-enabled/../../lib/libdwm.a(process-ble.o)
                0x000493fc                ble_init_ready
 .text.le_print_disable
                0x00049408       0x10 C:/Users/wangz/Documents/GitHub/DMW1001_firmware/DWM1001_on_board_package_R2.0/dwm/examples/dwm-accelerometer-enabled/../../lib/libdwm.a(process-le.o)
 .text.nole_thread_entry
                0x00049418      0x2a8 C:/Users/wangz/Documents/GitHub/DMW1001_firmware/DWM1001_on_board_package_R2.0/dwm/examples/dwm-accelerometer-enabled/../../lib/libdwm.a(process-le.o)
 .text.le_thread_entry
                0x000496c0      0x48c C:/Users/wangz/Documents/GitHub/DMW1001_firmware/DWM1001_on_board_package_R2.0/dwm/examples/dwm-accelerometer-enabled/../../lib/libdwm.a(process-le.o)
 .text.le_post_loc_data
                0x00049b4c       0x60 C:/Users/wangz/Documents/GitHub/DMW1001_firmware/DWM1001_on_board_package_R2.0/dwm/examples/dwm-accelerometer-enabled/../../lib/libdwm.a(process-le.o)
                0x00049b4c                le_post_loc_data
 .text.le_init  0x00049bac       0x7c C:/Users/wangz/Documents/GitHub/DMW1001_firmware/DWM1001_on_board_package_R2.0/dwm/examples/dwm-accelerometer-enabled/../../lib/libdwm.a(process-le.o)
                0x00049bac                le_init
 .text.le_start
                0x00049c28       0x18 C:/Users/wangz/Documents/GitHub/DMW1001_firmware/DWM1001_on_board_package_R2.0/dwm/examples/dwm-accelerometer-enabled/../../lib/libdwm.a(process-le.o)
                0x00049c28                le_start
 .text.le_post_meas
                0x00049c40       0x78 C:/Users/wangz/Documents/GitHub/DMW1001_firmware/DWM1001_on_board_package_R2.0/dwm/examples/dwm-accelerometer-enabled/../../lib/libdwm.a(process-le.o)
                0x00049c40                le_post_meas
 .text.le_pos_get
                0x00049cb8       0x64 C:/Users/wangz/Documents/GitHub/DMW1001_firmware/DWM1001_on_board_package_R2.0/dwm/examples/dwm-accelerometer-enabled/../../lib/libdwm.a(process-le.o)
                0x00049cb8                le_pos_get
 .text.le_loc_get
                0x00049d1c      0x104 C:/Users/wangz/Documents/GitHub/DMW1001_firmware/DWM1001_on_board_package_R2.0/dwm/examples/dwm-accelerometer-enabled/../../lib/libdwm.a(process-le.o)
                0x00049d1c                le_loc_get
 .text.le_loc_print_toggle
                0x00049e20       0x28 C:/Users/wangz/Documents/GitHub/DMW1001_firmware/DWM1001_on_board_package_R2.0/dwm/examples/dwm-accelerometer-enabled/../../lib/libdwm.a(process-le.o)
                0x00049e20                le_loc_print_toggle
 .text.le_loc_ts_print_toggle
                0x00049e48       0x24 C:/Users/wangz/Documents/GitHub/DMW1001_firmware/DWM1001_on_board_package_R2.0/dwm/examples/dwm-accelerometer-enabled/../../lib/libdwm.a(process-le.o)
                0x00049e48                le_loc_ts_print_toggle
 .text.le_loc_csv_print_toggle
                0x00049e6c       0x28 C:/Users/wangz/Documents/GitHub/DMW1001_firmware/DWM1001_on_board_package_R2.0/dwm/examples/dwm-accelerometer-enabled/../../lib/libdwm.a(process-le.o)
                0x00049e6c                le_loc_csv_print_toggle
 .text.le_loc_csv_ts_print_toggle
                0x00049e94       0x28 C:/Users/wangz/Documents/GitHub/DMW1001_firmware/DWM1001_on_board_package_R2.0/dwm/examples/dwm-accelerometer-enabled/../../lib/libdwm.a(process-le.o)
                0x00049e94                le_loc_csv_ts_print_toggle
 .text.le_pos_csv_print_toggle
                0x00049ebc       0x24 C:/Users/wangz/Documents/GitHub/DMW1001_firmware/DWM1001_on_board_package_R2.0/dwm/examples/dwm-accelerometer-enabled/../../lib/libdwm.a(process-le.o)
                0x00049ebc                le_pos_csv_print_toggle
 .text.le_compile
                0x00049ee0       0x18 C:/Users/wangz/Documents/GitHub/DMW1001_firmware/DWM1001_on_board_package_R2.0/dwm/examples/dwm-accelerometer-enabled/../../lib/libdwm.a(process-le.o)
                0x00049ee0                le_compile
 .text.pm_thread_entry
                0x00049ef8       0x98 C:/Users/wangz/Documents/GitHub/DMW1001_firmware/DWM1001_on_board_package_R2.0/dwm/examples/dwm-accelerometer-enabled/../../lib/libdwm.a(process-pm.o)
 .text.hal_pm_init
                0x00049f90       0x70 C:/Users/wangz/Documents/GitHub/DMW1001_firmware/DWM1001_on_board_package_R2.0/dwm/examples/dwm-accelerometer-enabled/../../lib/libdwm.a(process-pm.o)
                0x00049f90                hal_pm_init
 .text.hal_pm_start
                0x0004a000        0xc C:/Users/wangz/Documents/GitHub/DMW1001_firmware/DWM1001_on_board_package_R2.0/dwm/examples/dwm-accelerometer-enabled/../../lib/libdwm.a(process-pm.o)
                0x0004a000                hal_pm_start
 .text.uwb0_recover.part.0
                0x0004a00c       0x1c C:/Users/wangz/Documents/GitHub/DMW1001_firmware/DWM1001_on_board_package_R2.0/dwm/examples/dwm-accelerometer-enabled/../../lib/libdwm.a(process-svc.o)
 .text.svc_thread_entry
                0x0004a028      0x2b0 C:/Users/wangz/Documents/GitHub/DMW1001_firmware/DWM1001_on_board_package_R2.0/dwm/examples/dwm-accelerometer-enabled/../../lib/libdwm.a(process-svc.o)
 .text.svc_init
                0x0004a2d8       0x3c C:/Users/wangz/Documents/GitHub/DMW1001_firmware/DWM1001_on_board_package_R2.0/dwm/examples/dwm-accelerometer-enabled/../../lib/libdwm.a(process-svc.o)
                0x0004a2d8                svc_init
 .text.svc_start
                0x0004a314        0xc C:/Users/wangz/Documents/GitHub/DMW1001_firmware/DWM1001_on_board_package_R2.0/dwm/examples/dwm-accelerometer-enabled/../../lib/libdwm.a(process-svc.o)
                0x0004a314                svc_start
 .text.svc_post_event
                0x0004a320       0x64 C:/Users/wangz/Documents/GitHub/DMW1001_firmware/DWM1001_on_board_package_R2.0/dwm/examples/dwm-accelerometer-enabled/../../lib/libdwm.a(process-svc.o)
                0x0004a320                svc_post_event
 .text.svc_suspend
                0x0004a384       0x30 C:/Users/wangz/Documents/GitHub/DMW1001_firmware/DWM1001_on_board_package_R2.0/dwm/examples/dwm-accelerometer-enabled/../../lib/libdwm.a(process-svc.o)
                0x0004a384                svc_suspend
 .text.svc_resume
                0x0004a3b4       0x28 C:/Users/wangz/Documents/GitHub/DMW1001_firmware/DWM1001_on_board_package_R2.0/dwm/examples/dwm-accelerometer-enabled/../../lib/libdwm.a(process-svc.o)
                0x0004a3b4                svc_resume
 .text.uwbmac_wkr_thread_entry
                0x0004a3dc       0x1c C:/Users/wangz/Documents/GitHub/DMW1001_firmware/DWM1001_on_board_package_R2.0/dwm/examples/dwm-accelerometer-enabled/../../lib/libdwm.a(process-uwbmac.o)
 .text.uwbmac_thread_entry
                0x0004a3f8      0x12c C:/Users/wangz/Documents/GitHub/DMW1001_firmware/DWM1001_on_board_package_R2.0/dwm/examples/dwm-accelerometer-enabled/../../lib/libdwm.a(process-uwbmac.o)
 .text.uwbmac_init
                0x0004a524       0x6c C:/Users/wangz/Documents/GitHub/DMW1001_firmware/DWM1001_on_board_package_R2.0/dwm/examples/dwm-accelerometer-enabled/../../lib/libdwm.a(process-uwbmac.o)
                0x0004a524                uwbmac_init
 .text.uwbmac_start
                0x0004a590       0x18 C:/Users/wangz/Documents/GitHub/DMW1001_firmware/DWM1001_on_board_package_R2.0/dwm/examples/dwm-accelerometer-enabled/../../lib/libdwm.a(process-uwbmac.o)
                0x0004a590                uwbmac_start
 .text.dw_intr  0x0004a5a8        0xc C:/Users/wangz/Documents/GitHub/DMW1001_firmware/DWM1001_on_board_package_R2.0/dwm/examples/dwm-accelerometer-enabled/../../lib/libdwm.a(process-uwb.o)
                0x0004a5a8                dw_intr
 .text.uwb_init_uwb0
                0x0004a5b4      0x42c C:/Users/wangz/Documents/GitHub/DMW1001_firmware/DWM1001_on_board_package_R2.0/dwm/examples/dwm-accelerometer-enabled/../../lib/libdwm.a(process-uwb.o)
                0x0004a5b4                uwb_init_uwb0
 .text.uwb_thread_entry
                0x0004a9e0       0xac C:/Users/wangz/Documents/GitHub/DMW1001_firmware/DWM1001_on_board_package_R2.0/dwm/examples/dwm-accelerometer-enabled/../../lib/libdwm.a(process-uwb.o)
 .text.uwb_init
                0x0004aa8c       0x3c C:/Users/wangz/Documents/GitHub/DMW1001_firmware/DWM1001_on_board_package_R2.0/dwm/examples/dwm-accelerometer-enabled/../../lib/libdwm.a(process-uwb.o)
                0x0004aa8c                uwb_init
 .text.uwb_start
                0x0004aac8        0xc C:/Users/wangz/Documents/GitHub/DMW1001_firmware/DWM1001_on_board_package_R2.0/dwm/examples/dwm-accelerometer-enabled/../../lib/libdwm.a(process-uwb.o)
                0x0004aac8                uwb_start
 .text.uwb_init_ready_await
                0x0004aad4       0x18 C:/Users/wangz/Documents/GitHub/DMW1001_firmware/DWM1001_on_board_package_R2.0/dwm/examples/dwm-accelerometer-enabled/../../lib/libdwm.a(process-uwb.o)
                0x0004aad4                uwb_init_ready_await
 .text.uart_timeout_handler
                0x0004aaec       0x10 C:/Users/wangz/Documents/GitHub/DMW1001_firmware/DWM1001_on_board_package_R2.0/dwm/examples/dwm-accelerometer-enabled/../../lib/libdwm.a(serial.o)
 .text.uart_init
                0x0004aafc       0x10 C:/Users/wangz/Documents/GitHub/DMW1001_firmware/DWM1001_on_board_package_R2.0/dwm/examples/dwm-accelerometer-enabled/../../lib/libdwm.a(serial.o)
 .text.spis_gpio_set
                0x0004ab0c       0x20 C:/Users/wangz/Documents/GitHub/DMW1001_firmware/DWM1001_on_board_package_R2.0/dwm/examples/dwm-accelerometer-enabled/../../lib/libdwm.a(serial.o)
 .text.spis_init
                0x0004ab2c       0x10 C:/Users/wangz/Documents/GitHub/DMW1001_firmware/DWM1001_on_board_package_R2.0/dwm/examples/dwm-accelerometer-enabled/../../lib/libdwm.a(serial.o)
 .text.pm_serial_suspend
                0x0004ab3c       0x58 C:/Users/wangz/Documents/GitHub/DMW1001_firmware/DWM1001_on_board_package_R2.0/dwm/examples/dwm-accelerometer-enabled/../../lib/libdwm.a(serial.o)
 .text.gpio_wakeup_intr
                0x0004ab94        0xc C:/Users/wangz/Documents/GitHub/DMW1001_firmware/DWM1001_on_board_package_R2.0/dwm/examples/dwm-accelerometer-enabled/../../lib/libdwm.a(serial.o)
 .text._serial_status_change_ntfy
                0x0004aba0       0x3c C:/Users/wangz/Documents/GitHub/DMW1001_firmware/DWM1001_on_board_package_R2.0/dwm/examples/dwm-accelerometer-enabled/../../lib/libdwm.a(serial.o)
 .text._serial_start
                0x0004abdc       0x1c C:/Users/wangz/Documents/GitHub/DMW1001_firmware/DWM1001_on_board_package_R2.0/dwm/examples/dwm-accelerometer-enabled/../../lib/libdwm.a(serial.o)
 .text._on_spis_evt
                0x0004abf8       0x78 C:/Users/wangz/Documents/GitHub/DMW1001_firmware/DWM1001_on_board_package_R2.0/dwm/examples/dwm-accelerometer-enabled/../../lib/libdwm.a(serial.o)
 .text.spis_api_cb
                0x0004ac70       0x60 C:/Users/wangz/Documents/GitHub/DMW1001_firmware/DWM1001_on_board_package_R2.0/dwm/examples/dwm-accelerometer-enabled/../../lib/libdwm.a(serial.o)
 .text._spis_init
                0x0004acd0       0x2c C:/Users/wangz/Documents/GitHub/DMW1001_firmware/DWM1001_on_board_package_R2.0/dwm/examples/dwm-accelerometer-enabled/../../lib/libdwm.a(serial.o)
 .text._serial_sleep
                0x0004acfc       0x1c C:/Users/wangz/Documents/GitHub/DMW1001_firmware/DWM1001_on_board_package_R2.0/dwm/examples/dwm-accelerometer-enabled/../../lib/libdwm.a(serial.o)
 .text.spis_event_handler
                0x0004ad18      0x1d0 C:/Users/wangz/Documents/GitHub/DMW1001_firmware/DWM1001_on_board_package_R2.0/dwm/examples/dwm-accelerometer-enabled/../../lib/libdwm.a(serial.o)
 .text.serial_sleep
                0x0004aee8       0x10 C:/Users/wangz/Documents/GitHub/DMW1001_firmware/DWM1001_on_board_package_R2.0/dwm/examples/dwm-accelerometer-enabled/../../lib/libdwm.a(serial.o)
                0x0004aee8                serial_sleep
 .text.serial_uart_reinit
                0x0004aef8       0x10 C:/Users/wangz/Documents/GitHub/DMW1001_firmware/DWM1001_on_board_package_R2.0/dwm/examples/dwm-accelerometer-enabled/../../lib/libdwm.a(serial.o)
                0x0004aef8                serial_uart_reinit
 .text.serial_status_change_ntfy
                0x0004af08       0x10 C:/Users/wangz/Documents/GitHub/DMW1001_firmware/DWM1001_on_board_package_R2.0/dwm/examples/dwm-accelerometer-enabled/../../lib/libdwm.a(serial.o)
                0x0004af08                serial_status_change_ntfy
 .text.serial_thread_entry
                0x0004af18      0x168 C:/Users/wangz/Documents/GitHub/DMW1001_firmware/DWM1001_on_board_package_R2.0/dwm/examples/dwm-accelerometer-enabled/../../lib/libdwm.a(serial.o)
                0x0004af18                serial_thread_entry
 .text.serial_start
                0x0004b080       0x10 C:/Users/wangz/Documents/GitHub/DMW1001_firmware/DWM1001_on_board_package_R2.0/dwm/examples/dwm-accelerometer-enabled/../../lib/libdwm.a(serial.o)
                0x0004b080                serial_start
 .text.serial_compile_spi
                0x0004b090       0x58 C:/Users/wangz/Documents/GitHub/DMW1001_firmware/DWM1001_on_board_package_R2.0/dwm/examples/dwm-accelerometer-enabled/../../lib/libdwm.a(serial.o)
                0x0004b090                serial_compile_spi
 .text.serial_is_uart_compiled
                0x0004b0e8        0xc C:/Users/wangz/Documents/GitHub/DMW1001_firmware/DWM1001_on_board_package_R2.0/dwm/examples/dwm-accelerometer-enabled/../../lib/libdwm.a(serial.o)
                0x0004b0e8                serial_is_uart_compiled
 .text.serial_is_compiled
                0x0004b0f4        0xc C:/Users/wangz/Documents/GitHub/DMW1001_firmware/DWM1001_on_board_package_R2.0/dwm/examples/dwm-accelerometer-enabled/../../lib/libdwm.a(serial.o)
                0x0004b0f4                serial_is_compiled
 .text.cmd_enc_key_clear
                0x0004b100       0x34 C:/Users/wangz/Documents/GitHub/DMW1001_firmware/DWM1001_on_board_package_R2.0/dwm/examples/dwm-accelerometer-enabled/../../lib/libdwm.a(shell-api.o)
                0x0004b100                cmd_enc_key_clear
 .text.cmd_nvm_usr_data_clear
                0x0004b134       0x38 C:/Users/wangz/Documents/GitHub/DMW1001_firmware/DWM1001_on_board_package_R2.0/dwm/examples/dwm-accelerometer-enabled/../../lib/libdwm.a(shell-api.o)
 .text.cmd_nvm_usr_data_set
                0x0004b16c       0xb8 C:/Users/wangz/Documents/GitHub/DMW1001_firmware/DWM1001_on_board_package_R2.0/dwm/examples/dwm-accelerometer-enabled/../../lib/libdwm.a(shell-api.o)
 .text.cmd_tlv  0x0004b224       0xb0 C:/Users/wangz/Documents/GitHub/DMW1001_firmware/DWM1001_on_board_package_R2.0/dwm/examples/dwm-accelerometer-enabled/../../lib/libdwm.a(shell-api.o)
 .text.api_cb   0x0004b2d4       0x44 C:/Users/wangz/Documents/GitHub/DMW1001_firmware/DWM1001_on_board_package_R2.0/dwm/examples/dwm-accelerometer-enabled/../../lib/libdwm.a(shell-api.o)
 .text.cmd_enc_key_set
                0x0004b318       0x94 C:/Users/wangz/Documents/GitHub/DMW1001_firmware/DWM1001_on_board_package_R2.0/dwm/examples/dwm-accelerometer-enabled/../../lib/libdwm.a(shell-api.o)
                0x0004b318                cmd_enc_key_set
 .text.cmd_nvm_usr_data_get
                0x0004b3ac       0x64 C:/Users/wangz/Documents/GitHub/DMW1001_firmware/DWM1001_on_board_package_R2.0/dwm/examples/dwm-accelerometer-enabled/../../lib/libdwm.a(shell-api.o)
 .text.cmd_cfg_tn_set
                0x0004b410      0x120 C:/Users/wangz/Documents/GitHub/DMW1001_firmware/DWM1001_on_board_package_R2.0/dwm/examples/dwm-accelerometer-enabled/../../lib/libdwm.a(shell-api.o)
 .text.cmd_cfg_an_set
                0x0004b530       0xf4 C:/Users/wangz/Documents/GitHub/DMW1001_firmware/DWM1001_on_board_package_R2.0/dwm/examples/dwm-accelerometer-enabled/../../lib/libdwm.a(shell-api.o)
 .text.cmd_pos_set
                0x0004b624       0x88 C:/Users/wangz/Documents/GitHub/DMW1001_firmware/DWM1001_on_board_package_R2.0/dwm/examples/dwm-accelerometer-enabled/../../lib/libdwm.a(shell-api.o)
 .text.cmd_pos_get
                0x0004b6ac       0x48 C:/Users/wangz/Documents/GitHub/DMW1001_firmware/DWM1001_on_board_package_R2.0/dwm/examples/dwm-accelerometer-enabled/../../lib/libdwm.a(shell-api.o)
 .text.cmd_ur_get
                0x0004b6f4       0x4c C:/Users/wangz/Documents/GitHub/DMW1001_firmware/DWM1001_on_board_package_R2.0/dwm/examples/dwm-accelerometer-enabled/../../lib/libdwm.a(shell-api.o)
 .text.cmd_ur_set
                0x0004b740       0x7c C:/Users/wangz/Documents/GitHub/DMW1001_firmware/DWM1001_on_board_package_R2.0/dwm/examples/dwm-accelerometer-enabled/../../lib/libdwm.a(shell-api.o)
 .text.cmd_ble_disable